Archive member included to satisfy reference by file (symbol)

c:/vsarm/armcc/102021~1.10/bin/../lib/gcc/arm-none-eabi/10.3.1/thumb/v6-m/nofp\libgcc.a(_dvmd_tls.o)
                              CMakeFiles/MorseCodeDecoder.dir/C_/VSARM/sdk/pico/pico-sdk/src/rp2_common/pico_divider/divider.S.obj (__aeabi_idiv0)
c:/vsarm/armcc/102021~1.10/bin/../lib/gcc/arm-none-eabi/10.3.1/../../../../arm-none-eabi/lib/thumb/v6-m/nofp\libg.a(lib_a-calloc.o)
                              CMakeFiles/MorseCodeDecoder.dir/C_/VSARM/sdk/pico/pico-sdk/src/rp2_common/pico_malloc/pico_malloc.c.obj (calloc)
c:/vsarm/armcc/102021~1.10/bin/../lib/gcc/arm-none-eabi/10.3.1/../../../../arm-none-eabi/lib/thumb/v6-m/nofp\libg.a(lib_a-callocr.o)
                              c:/vsarm/armcc/102021~1.10/bin/../lib/gcc/arm-none-eabi/10.3.1/../../../../arm-none-eabi/lib/thumb/v6-m/nofp\libg.a(lib_a-calloc.o) (_calloc_r)
c:/vsarm/armcc/102021~1.10/bin/../lib/gcc/arm-none-eabi/10.3.1/../../../../arm-none-eabi/lib/thumb/v6-m/nofp\libg.a(lib_a-errno.o)
                              c:/vsarm/armcc/102021~1.10/bin/../lib/gcc/arm-none-eabi/10.3.1/../../../../arm-none-eabi/lib/thumb/v6-m/nofp\libg.a(lib_a-callocr.o) (__errno)
c:/vsarm/armcc/102021~1.10/bin/../lib/gcc/arm-none-eabi/10.3.1/../../../../arm-none-eabi/lib/thumb/v6-m/nofp\libg.a(lib_a-impure.o)
                              c:/vsarm/armcc/102021~1.10/bin/../lib/gcc/arm-none-eabi/10.3.1/../../../../arm-none-eabi/lib/thumb/v6-m/nofp\libg.a(lib_a-calloc.o) (_impure_ptr)
c:/vsarm/armcc/102021~1.10/bin/../lib/gcc/arm-none-eabi/10.3.1/../../../../arm-none-eabi/lib/thumb/v6-m/nofp\libg.a(lib_a-init.o)
                              c:/vsarm/armcc/102021~1.10/bin/../lib/gcc/arm-none-eabi/10.3.1/../../../../arm-none-eabi/lib/thumb/v6-m/nofp/crt0.o (__libc_init_array)
c:/vsarm/armcc/102021~1.10/bin/../lib/gcc/arm-none-eabi/10.3.1/../../../../arm-none-eabi/lib/thumb/v6-m/nofp\libg.a(lib_a-malloc.o)
                              CMakeFiles/MorseCodeDecoder.dir/C_/VSARM/sdk/pico/pico-sdk/src/rp2_common/pico_malloc/pico_malloc.c.obj (malloc)
c:/vsarm/armcc/102021~1.10/bin/../lib/gcc/arm-none-eabi/10.3.1/../../../../arm-none-eabi/lib/thumb/v6-m/nofp\libg.a(lib_a-mallocr.o)
                              c:/vsarm/armcc/102021~1.10/bin/../lib/gcc/arm-none-eabi/10.3.1/../../../../arm-none-eabi/lib/thumb/v6-m/nofp\libg.a(lib_a-callocr.o) (_malloc_r)
c:/vsarm/armcc/102021~1.10/bin/../lib/gcc/arm-none-eabi/10.3.1/../../../../arm-none-eabi/lib/thumb/v6-m/nofp\libg.a(lib_a-mlock.o)
                              c:/vsarm/armcc/102021~1.10/bin/../lib/gcc/arm-none-eabi/10.3.1/../../../../arm-none-eabi/lib/thumb/v6-m/nofp\libg.a(lib_a-mallocr.o) (__malloc_lock)
c:/vsarm/armcc/102021~1.10/bin/../lib/gcc/arm-none-eabi/10.3.1/../../../../arm-none-eabi/lib/thumb/v6-m/nofp\libg.a(lib_a-realloc.o)
                              CMakeFiles/MorseCodeDecoder.dir/C_/VSARM/sdk/pico/pico-sdk/src/rp2_common/pico_malloc/pico_malloc.c.obj (realloc)
c:/vsarm/armcc/102021~1.10/bin/../lib/gcc/arm-none-eabi/10.3.1/../../../../arm-none-eabi/lib/thumb/v6-m/nofp\libg.a(lib_a-reallocr.o)
                              c:/vsarm/armcc/102021~1.10/bin/../lib/gcc/arm-none-eabi/10.3.1/../../../../arm-none-eabi/lib/thumb/v6-m/nofp\libg.a(lib_a-realloc.o) (_realloc_r)
c:/vsarm/armcc/102021~1.10/bin/../lib/gcc/arm-none-eabi/10.3.1/../../../../arm-none-eabi/lib/thumb/v6-m/nofp\libg.a(lib_a-sbrkr.o)
                              c:/vsarm/armcc/102021~1.10/bin/../lib/gcc/arm-none-eabi/10.3.1/../../../../arm-none-eabi/lib/thumb/v6-m/nofp\libg.a(lib_a-mallocr.o) (_sbrk_r)
c:/vsarm/armcc/102021~1.10/bin/../lib/gcc/arm-none-eabi/10.3.1/../../../../arm-none-eabi/lib/thumb/v6-m/nofp\libg.a(lib_a-strcmp.o)
                              CMakeFiles/MorseCodeDecoder.dir/main.c.obj (strcmp)
c:/vsarm/armcc/102021~1.10/bin/../lib/gcc/arm-none-eabi/10.3.1/../../../../arm-none-eabi/lib/thumb/v6-m/nofp\libg.a(lib_a-strlen-stub.o)
                              CMakeFiles/MorseCodeDecoder.dir/C_/VSARM/sdk/pico/pico-sdk/src/rp2_common/pico_stdio/stdio.c.obj (strlen)
c:/vsarm/armcc/102021~1.10/bin/../lib/gcc/arm-none-eabi/10.3.1/../../../../arm-none-eabi/lib/thumb/v6-m/nofp\libg.a(lib_a-freer.o)
                              c:/vsarm/armcc/102021~1.10/bin/../lib/gcc/arm-none-eabi/10.3.1/../../../../arm-none-eabi/lib/thumb/v6-m/nofp\libg.a(lib_a-malloc.o) (_free_r)
c:/vsarm/armcc/102021~1.10/bin/../lib/gcc/arm-none-eabi/10.3.1/../../../../arm-none-eabi/lib/thumb/v6-m/nofp\libg.a(lib_a-lock.o)
                              c:/vsarm/armcc/102021~1.10/bin/../lib/gcc/arm-none-eabi/10.3.1/../../../../arm-none-eabi/lib/thumb/v6-m/nofp\libg.a(lib_a-mlock.o) (__retarget_lock_acquire_recursive)
c:/vsarm/armcc/102021~1.10/bin/../lib/gcc/arm-none-eabi/10.3.1/../../../../arm-none-eabi/lib/thumb/v6-m/nofp\libg.a(lib_a-memmove.o)
[...]
Memory Configuration

Name             Origin             Length             Attributes
FLASH            0x10000000         0x00200000         xr
RAM              0x20000000         0x00040000         xrw
SCRATCH_X        0x20040000         0x00001000         xrw
SCRATCH_Y        0x20041000         0x00001000         xrw
*default*        0x00000000         0xffffffff

Linker script and memory map

LOAD c:/vsarm/armcc/102021~1.10/bin/../lib/gcc/arm-none-eabi/10.3.1/thumb/v6-m/nofp/crti.o
LOAD c:/vsarm/armcc/102021~1.10/bin/../lib/gcc/arm-none-eabi/10.3.1/thumb/v6-m/nofp/crtbegin.o
LOAD c:/vsarm/armcc/102021~1.10/bin/../lib/gcc/arm-none-eabi/10.3.1/../../../../arm-none-eabi/lib/thumb/v6-m/nofp/crt0.o

.flash_begin    0x10000000        0x0
                0x10000000                __flash_binary_start = .

.boot2          0x10000000      0x100
                0x10000000                __boot2_start__ = .
 *(.boot2)
 .boot2         0x10000000      0x100 C:\Users\FORSAL~1\AppData\Local\Temp\ccI32Ani.o
                0x10000100                __boot2_end__ = .
                0x00000001                ASSERT (((__boot2_end__ - __boot2_start__) == 0x100), ERROR: Pico second stage bootloader must be 256 bytes in size)

.text           0x10000100     0x72e0
                0x10000100                __logical_binary_start = .
 *(.vectors)
 .vectors       0x10000100       0xd4 CMakeFiles/MorseCodeDecoder.dir/C_/VSARM/sdk/pico/pico-sdk/src/rp2_common/pico_standard_link/crt0.S.obj
                0x10000100                __VECTOR_TABLE
                0x10000100                __vectors
                0x100001c0                isr_invalid
                0x100001c0                __default_isrs_start
                0x100001c2                isr_nmi
                0x100001c4                isr_hardfault
                0x100001c6                isr_svcall
                0x100001c8                isr_pendsv
                0x100001ca                isr_systick
                0x100001cc                isr_irq23
                0x100001cc                isr_irq18
                0x100001cc                isr_irq11
                0x100001cc                isr_irq28
                0x100001cc                isr_irq19
                0x100001cc                isr_irq0
                0x100001cc                isr_irq6
                0x100001cc                isr_irq5
                0x100001cc                isr_irq12
                0x100001cc                isr_irq22
                0x100001cc                isr_irq31
                0x100001cc                isr_irq17
                0x100001cc                isr_irq27
                0x100001cc                isr_irq30
                0x100001cc                isr_irq2
                0x100001cc                isr_irq10
                0x100001cc                isr_irq8
                0x100001cc                isr_irq24
                0x100001cc                isr_irq1
                0x100001cc                isr_irq7
                0x100001cc                isr_irq21
                0x100001cc                isr_irq20
                0x100001cc                isr_irq15
                0x100001cc                isr_irq25
                0x100001cc                isr_irq13
                0x100001cc                __unhandled_user_irq
                0x100001cc                isr_irq4
                0x100001cc                isr_irq16
                0x100001cc                isr_irq29
                0x100001cc                isr_irq26
                0x100001cc                __default_isrs_end
                0x100001cc                isr_irq3
                0x100001cc                isr_irq14
                0x100001cc                isr_irq9
                0x100001d2                unhandled_user_irq_num_in_r0
 *(.binary_info_header)
 .binary_info_header
                0x100001d4       0x14 CMakeFiles/MorseCodeDecoder.dir/C_/VSARM/sdk/pico/pico-sdk/src/rp2_common/pico_standard_link/crt0.S.obj
                0x100001e8                __binary_info_header_end = .
 *(.reset)
 .reset         0x100001e8       0xa0 CMakeFiles/MorseCodeDecoder.dir/C_/VSARM/sdk/pico/pico-sdk/src/rp2_common/pico_standard_link/crt0.S.obj
                0x100001e8                _entry_point
 .reset         0x10000288       0x30 CMakeFiles/MorseCodeDecoder.dir/C_/VSARM/sdk/pico/pico-sdk/src/rp2_common/pico_standard_link/binary_info.c.obj
 *(.init)
 .init          0x100002b8        0x4 c:/vsarm/armcc/102021~1.10/bin/../lib/gcc/arm-none-eabi/10.3.1/thumb/v6-m/nofp/crti.o
                0x100002b8                _init
 *(EXCLUDE_FILE(*libm.a: *libc.a:*lib_a-mem*.o *libgcc.a:) .text*)
 .text          0x100002bc       0x48 c:/vsarm/armcc/102021~1.10/bin/../lib/gcc/arm-none-eabi/10.3.1/thumb/v6-m/nofp/crtbegin.o
 .text.seven_segment_init
                0x10000304       0x28 CMakeFiles/MorseCodeDecoder.dir/main.c.obj
                0x10000304                seven_segment_init
 .text.seven_segment_off
                0x1000032c       0x20 CMakeFiles/MorseCodeDecoder.dir/main.c.obj
                0x1000032c                seven_segment_off
 .text.seven_segment_show
                0x1000034c       0x40 CMakeFiles/MorseCodeDecoder.dir/main.c.obj
                0x1000034c                seven_segment_show
 .text.checkButton
                0x1000038c       0x84 CMakeFiles/MorseCodeDecoder.dir/main.c.obj
                0x1000038c                checkButton
 .text.morseToChar
                0x10000410      0x228 CMakeFiles/MorseCodeDecoder.dir/main.c.obj
                0x10000410                morseToChar
 .text.decoder  0x10000638       0x84 CMakeFiles/MorseCodeDecoder.dir/main.c.obj
                0x10000638                decoder
 .text.main     0x100006bc      0x204 CMakeFiles/MorseCodeDecoder.dir/main.c.obj
                0x100006bc                main
 .text.gpio_set_function
                0x100008c0       0x30 CMakeFiles/MorseCodeDecoder.dir/C_/VSARM/sdk/pico/pico-sdk/src/rp2_common/hardware_gpio/gpio.c.obj
                0x100008c0                gpio_set_function
 .text.gpio_set_pulls
                0x100008f0       0x34 CMakeFiles/MorseCodeDecoder.dir/C_/VSARM/sdk/pico/pico-sdk/src/rp2_common/hardware_gpio/gpio.c.obj
                0x100008f0                gpio_set_pulls
 .text.gpio_init
                0x10000924       0x16 CMakeFiles/MorseCodeDecoder.dir/C_/VSARM/sdk/pico/pico-sdk/src/rp2_common/hardware_gpio/gpio.c.obj
                0x10000924                gpio_init
 *fill*         0x1000093a        0x2 
 .text.running_on_fpga
                0x1000093c       0x14 CMakeFiles/MorseCodeDecoder.dir/C_/VSARM/sdk/pico/pico-sdk/src/rp2_common/pico_platform/platform.c.obj
                0x1000093c                running_on_fpga
 .text.hw_claim_lock
                0x10000950       0x18 CMakeFiles/MorseCodeDecoder.dir/C_/VSARM/sdk/pico/pico-sdk/src/rp2_common/hardware_claim/claim.c.obj
                0x10000950                hw_claim_lock
 .text.hw_claim_unlock
                0x10000968       0x14 CMakeFiles/MorseCodeDecoder.dir/C_/VSARM/sdk/pico/pico-sdk/src/rp2_common/hardware_claim/claim.c.obj
                0x10000968                hw_claim_unlock
 .text.hw_claim_or_assert
                0x1000097c       0x32 CMakeFiles/MorseCodeDecoder.dir/C_/VSARM/sdk/pico/pico-sdk/src/rp2_common/hardware_claim/claim.c.obj
                0x1000097c                hw_claim_or_assert
 .text.hw_claim_unused_from_range
                0x100009ae       0x50 CMakeFiles/MorseCodeDecoder.dir/C_/VSARM/sdk/pico/pico-sdk/src/rp2_common/hardware_claim/claim.c.obj
                0x100009ae                hw_claim_unused_from_range
 *fill*         0x100009fe        0x2 
 .text.spin_locks_reset
                0x10000a00       0x20 CMakeFiles/MorseCodeDecoder.dir/C_/VSARM/sdk/pico/pico-sdk/src/rp2_common/hardware_sync/sync.c.obj
                0x10000a00                spin_locks_reset
 .text.next_striped_spin_lock_num
                0x10000a20       0x1c CMakeFiles/MorseCodeDecoder.dir/C_/VSARM/sdk/pico/pico-sdk/src/rp2_common/hardware_sync/sync.c.obj
                0x10000a20                next_striped_spin_lock_num
 .text.spin_lock_claim_unused
                0x10000a3c       0x20 CMakeFiles/MorseCodeDecoder.dir/C_/VSARM/sdk/pico/pico-sdk/src/rp2_common/hardware_sync/sync.c.obj
                0x10000a3c                spin_lock_claim_unused
 .text.set_raw_irq_handler_and_unlock
                0x10000a5c       0x28 CMakeFiles/MorseCodeDecoder.dir/C_/VSARM/sdk/pico/pico-sdk/src/rp2_common/hardware_irq/irq.c.obj
 .text.make_branch
                0x10000a84       0x48 CMakeFiles/MorseCodeDecoder.dir/C_/VSARM/sdk/pico/pico-sdk/src/rp2_common/hardware_irq/irq.c.obj
 .text.insert_branch_and_link
                0x10000acc       0x40 CMakeFiles/MorseCodeDecoder.dir/C_/VSARM/sdk/pico/pico-sdk/src/rp2_common/hardware_irq/irq.c.obj
 .text.irq_is_enabled
                0x10000b0c       0x18 CMakeFiles/MorseCodeDecoder.dir/C_/VSARM/sdk/pico/pico-sdk/src/rp2_common/hardware_irq/irq.c.obj
                0x10000b0c                irq_is_enabled
 .text.irq_set_mask_enabled
                0x10000b24       0x20 CMakeFiles/MorseCodeDecoder.dir/C_/VSARM/sdk/pico/pico-sdk/src/rp2_common/hardware_irq/irq.c.obj
                0x10000b24                irq_set_mask_enabled
 .text.irq_set_enabled
                0x10000b44        0xe CMakeFiles/MorseCodeDecoder.dir/C_/VSARM/sdk/pico/pico-sdk/src/rp2_common/hardware_irq/irq.c.obj
                0x10000b44                irq_set_enabled
 *fill*         0x10000b52        0x2 
 .text.irq_set_pending
                0x10000b54       0x10 CMakeFiles/MorseCodeDecoder.dir/C_/VSARM/sdk/pico/pico-sdk/src/rp2_common/hardware_irq/irq.c.obj
                0x10000b54                irq_set_pending
 .text.irq_get_vtable_handler
                0x10000b64       0x10 CMakeFiles/MorseCodeDecoder.dir/C_/VSARM/sdk/pico/pico-sdk/src/rp2_common/hardware_irq/irq.c.obj
                0x10000b64                irq_get_vtable_handler
 .text.irq_has_shared_handler
                0x10000b74       0x24 CMakeFiles/MorseCodeDecoder.dir/C_/VSARM/sdk/pico/pico-sdk/src/rp2_common/hardware_irq/irq.c.obj
                0x10000b74                irq_has_shared_handler
 .text.irq_set_exclusive_handler
                0x10000b98       0x54 CMakeFiles/MorseCodeDecoder.dir/C_/VSARM/sdk/pico/pico-sdk/src/rp2_common/hardware_irq/irq.c.obj
                0x10000b98                irq_set_exclusive_handler
 .text.irq_add_shared_handler
                0x10000bec      0x234 CMakeFiles/MorseCodeDecoder.dir/C_/VSARM/sdk/pico/pico-sdk/src/rp2_common/hardware_irq/irq.c.obj
                0x10000bec                irq_add_shared_handler
 .text.irq_remove_handler
                0x10000e20      0x1ac CMakeFiles/MorseCodeDecoder.dir/C_/VSARM/sdk/pico/pico-sdk/src/rp2_common/hardware_irq/irq.c.obj
                0x10000e20                irq_remove_handler
 .text.irq_add_tail_to_free_list
                0x10000fcc       0xf0 CMakeFiles/MorseCodeDecoder.dir/C_/VSARM/sdk/pico/pico-sdk/src/rp2_common/hardware_irq/irq.c.obj
                0x10000fcc                irq_add_tail_to_free_list
 .text.irq_init_priorities
                0x100010bc       0x1c CMakeFiles/MorseCodeDecoder.dir/C_/VSARM/sdk/pico/pico-sdk/src/rp2_common/hardware_irq/irq.c.obj
                0x100010bc                irq_init_priorities
 .text.user_irq_claim_unused
                0x100010d8       0x28 CMakeFiles/MorseCodeDecoder.dir/C_/VSARM/sdk/pico/pico-sdk/src/rp2_common/hardware_irq/irq.c.obj
                0x100010d8                user_irq_claim_unused
 .text.lock_init
                0x10001100       0x10 CMakeFiles/MorseCodeDecoder.dir/C_/VSARM/sdk/pico/pico-sdk/src/common/pico_sync/lock_core.c.obj
                0x10001100                lock_init
 .text.mutex_init
                0x10001110       0x1a CMakeFiles/MorseCodeDecoder.dir/C_/VSARM/sdk/pico/pico-sdk/src/common/pico_sync/mutex.c.obj
                0x10001110                mutex_init
 .text.recursive_mutex_init
                0x1000112a       0x1e CMakeFiles/MorseCodeDecoder.dir/C_/VSARM/sdk/pico/pico-sdk/src/common/pico_sync/mutex.c.obj
                0x1000112a                recursive_mutex_init
 .text.critical_section_init_with_lock_num
                0x10001148       0x14 CMakeFiles/MorseCodeDecoder.dir/C_/VSARM/sdk/pico/pico-sdk/src/common/pico_sync/critical_section.c.obj
                0x10001148                critical_section_init_with_lock_num
 .text.critical_section_init
                0x1000115c       0x14 CMakeFiles/MorseCodeDecoder.dir/C_/VSARM/sdk/pico/pico-sdk/src/common/pico_sync/critical_section.c.obj
                0x1000115c                critical_section_init
 .text.alarm_pool_post_alloc_init
                0x10001170       0x40 CMakeFiles/MorseCodeDecoder.dir/C_/VSARM/sdk/pico/pico-sdk/src/common/pico_time/time.c.obj
 .text.sleep_until_callback
                0x100011b0       0x30 CMakeFiles/MorseCodeDecoder.dir/C_/VSARM/sdk/pico/pico-sdk/src/common/pico_time/time.c.obj
 .text.timer_pool_entry_comparator
                0x100011e0       0x7c CMakeFiles/MorseCodeDecoder.dir/C_/VSARM/sdk/pico/pico-sdk/src/common/pico_time/time.c.obj
                0x100011e0                timer_pool_entry_comparator
 .text.ph_add_child_node
                0x1000125c       0xa4 CMakeFiles/MorseCodeDecoder.dir/C_/VSARM/sdk/pico/pico-sdk/src/common/pico_time/time.c.obj
 .text.ph_merge_nodes
                0x10001300       0x3e CMakeFiles/MorseCodeDecoder.dir/C_/VSARM/sdk/pico/pico-sdk/src/common/pico_time/time.c.obj
 *fill*         0x1000133e        0x2 
 .text.add_alarm_under_lock
                0x10001340      0x174 CMakeFiles/MorseCodeDecoder.dir/C_/VSARM/sdk/pico/pico-sdk/src/common/pico_time/time.c.obj
 .text.alarm_pool_alarm_callback
                0x100014b4      0x33c CMakeFiles/MorseCodeDecoder.dir/C_/VSARM/sdk/pico/pico-sdk/src/common/pico_time/time.c.obj
 .text.alarm_pool_init_default
                0x100017f0       0x40 CMakeFiles/MorseCodeDecoder.dir/C_/VSARM/sdk/pico/pico-sdk/src/common/pico_time/time.c.obj
                0x100017f0                alarm_pool_init_default
 .text.alarm_pool_get_default
                0x10001830       0x2c CMakeFiles/MorseCodeDecoder.dir/C_/VSARM/sdk/pico/pico-sdk/src/common/pico_time/time.c.obj
                0x10001830                alarm_pool_get_default
 .text.alarm_pool_add_alarm_at
                0x1000185c      0x168 CMakeFiles/MorseCodeDecoder.dir/C_/VSARM/sdk/pico/pico-sdk/src/common/pico_time/time.c.obj
                0x1000185c                alarm_pool_add_alarm_at
 .text.alarm_pool_cancel_alarm
                0x100019c4       0xf8 CMakeFiles/MorseCodeDecoder.dir/C_/VSARM/sdk/pico/pico-sdk/src/common/pico_time/time.c.obj
                0x100019c4                alarm_pool_cancel_alarm
 .text.alarm_pool_core_num
                0x10001abc        0x4 CMakeFiles/MorseCodeDecoder.dir/C_/VSARM/sdk/pico/pico-sdk/src/common/pico_time/time.c.obj
                0x10001abc                alarm_pool_core_num
 .text.sleep_until
                0x10001ac0       0xfc CMakeFiles/MorseCodeDecoder.dir/C_/VSARM/sdk/pico/pico-sdk/src/common/pico_time/time.c.obj
                0x10001ac0                sleep_until
 .text.sleep_us
                0x10001bbc       0x58 CMakeFiles/MorseCodeDecoder.dir/C_/VSARM/sdk/pico/pico-sdk/src/common/pico_time/time.c.obj
                0x10001bbc                sleep_us
 .text.sleep_ms
                0x10001c14       0x14 CMakeFiles/MorseCodeDecoder.dir/C_/VSARM/sdk/pico/pico-sdk/src/common/pico_time/time.c.obj
                0x10001c14                sleep_ms
 .text.best_effort_wfe_or_timeout
                0x10001c28       0xac CMakeFiles/MorseCodeDecoder.dir/C_/VSARM/sdk/pico/pico-sdk/src/common/pico_time/time.c.obj
                0x10001c28                best_effort_wfe_or_timeout
 .text.hardware_alarm_irq_handler
                0x10001cd4       0x90 CMakeFiles/MorseCodeDecoder.dir/C_/VSARM/sdk/pico/pico-sdk/src/rp2_common/hardware_timer/timer.c.obj
 .text.hardware_alarm_claim
                0x10001d64       0x18 CMakeFiles/MorseCodeDecoder.dir/C_/VSARM/sdk/pico/pico-sdk/src/rp2_common/hardware_timer/timer.c.obj
                0x10001d64                hardware_alarm_claim
 .text.time_us_64
                0x10001d7c       0x18 CMakeFiles/MorseCodeDecoder.dir/C_/VSARM/sdk/pico/pico-sdk/src/rp2_common/hardware_timer/timer.c.obj
                0x10001d7c                time_us_64
 .text.busy_wait_until
                0x10001d94       0x28 CMakeFiles/MorseCodeDecoder.dir/C_/VSARM/sdk/pico/pico-sdk/src/rp2_common/hardware_timer/timer.c.obj
                0x10001d94                busy_wait_until
 .text.hardware_alarm_set_callback
                0x10001dbc       0x90 CMakeFiles/MorseCodeDecoder.dir/C_/VSARM/sdk/pico/pico-sdk/src/rp2_common/hardware_timer/timer.c.obj
                0x10001dbc                hardware_alarm_set_callback
 .text.hardware_alarm_set_target
                0x10001e4c       0xe8 CMakeFiles/MorseCodeDecoder.dir/C_/VSARM/sdk/pico/pico-sdk/src/rp2_common/hardware_timer/timer.c.obj
                0x10001e4c                hardware_alarm_set_target
 .text.hardware_alarm_cancel
                0x10001f34       0x40 CMakeFiles/MorseCodeDecoder.dir/C_/VSARM/sdk/pico/pico-sdk/src/rp2_common/hardware_timer/timer.c.obj
                0x10001f34                hardware_alarm_cancel
 .text.ph_add_child_node
                0x10001f74       0xa4 CMakeFiles/MorseCodeDecoder.dir/C_/VSARM/sdk/pico/pico-sdk/src/common/pico_util/pheap.c.obj
 .text.ph_merge_nodes
                0x10002018       0x3e CMakeFiles/MorseCodeDecoder.dir/C_/VSARM/sdk/pico/pico-sdk/src/common/pico_util/pheap.c.obj
 *fill*         0x10002056        0x2 
 .text.ph_clear
                0x10002058       0x70 CMakeFiles/MorseCodeDecoder.dir/C_/VSARM/sdk/pico/pico-sdk/src/common/pico_util/pheap.c.obj
                0x10002058                ph_clear
 .text.ph_post_alloc_init
                0x100020c8        0xe CMakeFiles/MorseCodeDecoder.dir/C_/VSARM/sdk/pico/pico-sdk/src/common/pico_util/pheap.c.obj
                0x100020c8                ph_post_alloc_init
 *fill*         0x100020d6        0x2 
 .text.ph_merge_two_pass
                0x100020d8       0xa8 CMakeFiles/MorseCodeDecoder.dir/C_/VSARM/sdk/pico/pico-sdk/src/common/pico_util/pheap.c.obj
                0x100020d8                ph_merge_two_pass
 .text.ph_remove_any_head
                0x10002180      0x128 CMakeFiles/MorseCodeDecoder.dir/C_/VSARM/sdk/pico/pico-sdk/src/common/pico_util/pheap.c.obj
 .text.ph_remove_head
                0x100022a8       0x14 CMakeFiles/MorseCodeDecoder.dir/C_/VSARM/sdk/pico/pico-sdk/src/common/pico_util/pheap.c.obj
                0x100022a8                ph_remove_head
 .text.ph_remove_and_free_node
                0x100022bc       0xf8 CMakeFiles/MorseCodeDecoder.dir/C_/VSARM/sdk/pico/pico-sdk/src/common/pico_util/pheap.c.obj
                0x100022bc                ph_remove_and_free_node
 .text.clock_configure
                0x100023b4      0x108 CMakeFiles/MorseCodeDecoder.dir/C_/VSARM/sdk/pico/pico-sdk/src/rp2_common/hardware_clocks/clocks.c.obj
                0x100023b4                clock_configure
 .text.clocks_init
                0x100024bc      0x100 CMakeFiles/MorseCodeDecoder.dir/C_/VSARM/sdk/pico/pico-sdk/src/rp2_common/hardware_clocks/clocks.c.obj
                0x100024bc                clocks_init
 .text.pll_init
                0x100025bc      0x120 CMakeFiles/MorseCodeDecoder.dir/C_/VSARM/sdk/pico/pico-sdk/src/rp2_common/hardware_pll/pll.c.obj
                0x100025bc                pll_init
 .text.watchdog_start_tick
                0x100026dc       0x10 CMakeFiles/MorseCodeDecoder.dir/C_/VSARM/sdk/pico/pico-sdk/src/rp2_common/hardware_watchdog/watchdog.c.obj
                0x100026dc                watchdog_start_tick
 .text.watchdog_update
                0x100026ec       0x14 CMakeFiles/MorseCodeDecoder.dir/C_/VSARM/sdk/pico/pico-sdk/src/rp2_common/hardware_watchdog/watchdog.c.obj
                0x100026ec                watchdog_update
 .text._watchdog_enable
                0x10002700       0x78 CMakeFiles/MorseCodeDecoder.dir/C_/VSARM/sdk/pico/pico-sdk/src/rp2_common/hardware_watchdog/watchdog.c.obj
                0x10002700                _watchdog_enable
 .text.watchdog_reboot
                0x10002778       0x48 CMakeFiles/MorseCodeDecoder.dir/C_/VSARM/sdk/pico/pico-sdk/src/rp2_common/hardware_watchdog/watchdog.c.obj
                0x10002778                watchdog_reboot
 .text.xosc_init
                0x100027c0       0x28 CMakeFiles/MorseCodeDecoder.dir/C_/VSARM/sdk/pico/pico-sdk/src/rp2_common/hardware_xosc/xosc.c.obj
                0x100027c0                xosc_init
 .text._exit    0x100027e8        0x4 CMakeFiles/MorseCodeDecoder.dir/C_/VSARM/sdk/pico/pico-sdk/src/rp2_common/pico_runtime/runtime.c.obj
                0x100027e8                _exit
 .text.exit     0x100027ec        0x6 CMakeFiles/MorseCodeDecoder.dir/C_/VSARM/sdk/pico/pico-sdk/src/rp2_common/pico_runtime/runtime.c.obj
                0x100027ec                exit
 *fill*         0x100027f2        0x2 
 .text.__assert_func
                0x100027f4       0x3c CMakeFiles/MorseCodeDecoder.dir/C_/VSARM/sdk/pico/pico-sdk/src/rp2_common/pico_runtime/runtime.c.obj
                0x100027f4                __assert_func
 .text.runtime_init
                0x10002830       0xf8 CMakeFiles/MorseCodeDecoder.dir/C_/VSARM/sdk/pico/pico-sdk/src/rp2_common/pico_runtime/runtime.c.obj
                0x10002830                runtime_init
 .text.panic    0x10002928       0x30 CMakeFiles/MorseCodeDecoder.dir/C_/VSARM/sdk/pico/pico-sdk/src/rp2_common/pico_runtime/runtime.c.obj
                0x10002928                panic
 .text._out_null
                0x10002958        0x2 CMakeFiles/MorseCodeDecoder.dir/C_/VSARM/sdk/pico/pico-sdk/src/rp2_common/pico_printf/printf.c.obj
 .text._out_fct
                0x1000295a        0xe CMakeFiles/MorseCodeDecoder.dir/C_/VSARM/sdk/pico/pico-sdk/src/rp2_common/pico_printf/printf.c.obj
 .text._atoi    0x10002968       0x24 CMakeFiles/MorseCodeDecoder.dir/C_/VSARM/sdk/pico/pico-sdk/src/rp2_common/pico_printf/printf.c.obj
 .text._out_rev
                0x1000298c       0xae CMakeFiles/MorseCodeDecoder.dir/C_/VSARM/sdk/pico/pico-sdk/src/rp2_common/pico_printf/printf.c.obj
 .text._ntoa_format
                0x10002a3a      0x112 CMakeFiles/MorseCodeDecoder.dir/C_/VSARM/sdk/pico/pico-sdk/src/rp2_common/pico_printf/printf.c.obj
 .text._ntoa_long
                0x10002b4c       0xbc CMakeFiles/MorseCodeDecoder.dir/C_/VSARM/sdk/pico/pico-sdk/src/rp2_common/pico_printf/printf.c.obj
 .text._ntoa_long_long
                0x10002c08       0xe2 CMakeFiles/MorseCodeDecoder.dir/C_/VSARM/sdk/pico/pico-sdk/src/rp2_common/pico_printf/printf.c.obj
 *fill*         0x10002cea        0x2 
 .text._etoa    0x10002cec      0x414 CMakeFiles/MorseCodeDecoder.dir/C_/VSARM/sdk/pico/pico-sdk/src/rp2_common/pico_printf/printf.c.obj
 .text._ftoa    0x10003100      0x354 CMakeFiles/MorseCodeDecoder.dir/C_/VSARM/sdk/pico/pico-sdk/src/rp2_common/pico_printf/printf.c.obj
 .text._vsnprintf
                0x10003454      0x624 CMakeFiles/MorseCodeDecoder.dir/C_/VSARM/sdk/pico/pico-sdk/src/rp2_common/pico_printf/printf.c.obj
 .text.vfctprintf
                0x10003a78       0x20 CMakeFiles/MorseCodeDecoder.dir/C_/VSARM/sdk/pico/pico-sdk/src/rp2_common/pico_printf/printf.c.obj
                0x10003a78                vfctprintf
 .text          0x10003a98       0x10 CMakeFiles/MorseCodeDecoder.dir/C_/VSARM/sdk/pico/pico-sdk/src/rp2_common/pico_bit_ops/bit_ops_aeabi.S.obj
 .text.rom_func_lookup
                0x10003aa8       0x10 CMakeFiles/MorseCodeDecoder.dir/C_/VSARM/sdk/pico/pico-sdk/src/rp2_common/pico_bootrom/bootrom.c.obj
                0x10003aa8                rom_func_lookup
 .text.rom_data_lookup
                0x10003ab8       0x10 CMakeFiles/MorseCodeDecoder.dir/C_/VSARM/sdk/pico/pico-sdk/src/rp2_common/pico_bootrom/bootrom.c.obj
                0x10003ab8                rom_data_lookup
 .text.rom_funcs_lookup
                0x10003ac8       0x36 CMakeFiles/MorseCodeDecoder.dir/C_/VSARM/sdk/pico/pico-sdk/src/rp2_common/pico_bootrom/bootrom.c.obj
                0x10003ac8                rom_funcs_lookup
 *fill*         0x10003afe        0x2 
 .text.__wrap___aeabi_idiv
                0x10003b00       0x50 CMakeFiles/MorseCodeDecoder.dir/C_/VSARM/sdk/pico/pico-sdk/src/rp2_common/pico_divider/divider.S.obj
                0x10003b00                __wrap___aeabi_idivmod
                0x10003b00                divmod_s32s32
                0x10003b00                div_s32s32
                0x10003b00                __wrap___aeabi_idiv
                0x10003b08                divmod_s32s32_unsafe
                0x10003b34                divmod_s32s32_savestate
 .text.__wrap___aeabi_uidiv
                0x10003b50       0x4c CMakeFiles/MorseCodeDecoder.dir/C_/VSARM/sdk/pico/pico-sdk/src/rp2_common/pico_divider/divider.S.obj
                0x10003b50                __wrap___aeabi_uidiv
                0x10003b50                __wrap___aeabi_uidivmod
                0x10003b50                div_u32u32
                0x10003b50                divmod_u32u32
                0x10003b58                divmod_u32u32_unsafe
                0x10003b80                divmod_u32u32_savestate
 .text.__wrap___aeabi_ldiv
                0x10003b9c      0x424 CMakeFiles/MorseCodeDecoder.dir/C_/VSARM/sdk/pico/pico-sdk/src/rp2_common/pico_divider/divider.S.obj
                0x10003b9c                div_s64s64
                0x10003b9c                divmod_s64s64
                0x10003b9c                __wrap___aeabi_ldivmod
                0x10003bcc                divmod_u64u64
                0x10003bcc                div_u64u64
                0x10003bcc                __wrap___aeabi_uldivmod
                0x10003bdc                divmod_u64u64_savestate
                0x10003bfc                divmod_s64s64_unsafe
                0x10003c84                divmod_u64u64_unsafe
 .text.__wrap___aeabi_darithmetic
                0x10003fc0       0x80 CMakeFiles/MorseCodeDecoder.dir/C_/VSARM/sdk/pico/pico-sdk/src/rp2_common/pico_double/double_aeabi.S.obj
                0x10003fc0                __wrap___aeabi_drsub
                0x10003fc6                __wrap___aeabi_dsub
                0x10003fd8                __wrap___aeabi_dadd
                0x10003fea                __wrap___aeabi_ddiv
                0x10004026                __wrap___aeabi_dmul
 .text.__wrap___aeabi_cdcmple
                0x10004040       0x6c CMakeFiles/MorseCodeDecoder.dir/C_/VSARM/sdk/pico/pico-sdk/src/rp2_common/pico_double/double_aeabi.S.obj
                0x10004040                __wrap___aeabi_cdrcmple
                0x10004050                __wrap___aeabi_cdcmpeq
                0x10004050                __wrap___aeabi_cdcmple
 .text.__wrap___aeabi_dcmplt
                0x100040ac        0xc CMakeFiles/MorseCodeDecoder.dir/C_/VSARM/sdk/pico/pico-sdk/src/rp2_common/pico_double/double_aeabi.S.obj
                0x100040ac                __wrap___aeabi_dcmplt
 .text.__wrap___aeabi_dcmple
                0x100040b8       0x10 CMakeFiles/MorseCodeDecoder.dir/C_/VSARM/sdk/pico/pico-sdk/src/rp2_common/pico_double/double_aeabi.S.obj
                0x100040b8                __wrap___aeabi_dcmple
 .text.__wrap___aeabi_dcmpge
                0x100040c8       0x10 CMakeFiles/MorseCodeDecoder.dir/C_/VSARM/sdk/pico/pico-sdk/src/rp2_common/pico_double/double_aeabi.S.obj
                0x100040c8                __wrap___aeabi_dcmpge
 .text.__wrap___aeabi_dcmpgt
                0x100040d8        0xa CMakeFiles/MorseCodeDecoder.dir/C_/VSARM/sdk/pico/pico-sdk/src/rp2_common/pico_double/double_aeabi.S.obj
                0x100040d8                __wrap___aeabi_dcmpgt
 .text.__wrap___aeabi_dcmpun
                0x100040e2       0x1c CMakeFiles/MorseCodeDecoder.dir/C_/VSARM/sdk/pico/pico-sdk/src/rp2_common/pico_double/double_aeabi.S.obj
                0x100040e2                __wrap___aeabi_dcmpun
 *fill*         0x100040fe        0x2 
 .text.__wrap___aeabi_i2d
                0x10004100       0x38 CMakeFiles/MorseCodeDecoder.dir/C_/VSARM/sdk/pico/pico-sdk/src/rp2_common/pico_double/double_aeabi.S.obj
                0x10004100                __wrap___aeabi_ui2d
                0x10004108                __wrap___aeabi_i2d
 .text.__wrap___aeabi_d2iz
                0x10004138       0x48 CMakeFiles/MorseCodeDecoder.dir/C_/VSARM/sdk/pico/pico-sdk/src/rp2_common/pico_double/double_aeabi.S.obj
                0x10004138                double2int_z
                0x10004138                __wrap___aeabi_d2iz
 .text.__wrap___aeabi_d2uiz
                0x10004180       0x18 CMakeFiles/MorseCodeDecoder.dir/C_/VSARM/sdk/pico/pico-sdk/src/rp2_common/pico_double/double_aeabi.S.obj
                0x10004180                __wrap___aeabi_d2uiz
                0x10004180                double2uint
 .text.__aeabi_double_init
                0x10004198       0xc8 CMakeFiles/MorseCodeDecoder.dir/C_/VSARM/sdk/pico/pico-sdk/src/rp2_common/pico_double/double_init_rom.c.obj
                0x10004198                __aeabi_double_init
 .text.double_table_shim_on_use_helper
                0x10004260       0x34 CMakeFiles/MorseCodeDecoder.dir/C_/VSARM/sdk/pico/pico-sdk/src/rp2_common/pico_double/double_v1_rom_shim.S.obj
                0x10004260                double_table_shim_on_use_helper
 .text.__wrap___aeabi_dsub
                0x10004294       0x10 CMakeFiles/MorseCodeDecoder.dir/C_/VSARM/sdk/pico/pico-sdk/src/rp2_common/pico_double/double_v1_rom_shim.S.obj
                0x10004294                drsub_shim
                0x1000429a                dsub_shim
 .text.dadd_shim
                0x100042a4      0x15c CMakeFiles/MorseCodeDecoder.dir/C_/VSARM/sdk/pico/pico-sdk/src/rp2_common/pico_double/double_v1_rom_shim.S.obj
                0x100042a4                dadd_shim
 .text.dmul_shim
                0x10004400      0x15c CMakeFiles/MorseCodeDecoder.dir/C_/VSARM/sdk/pico/pico-sdk/src/rp2_common/pico_double/double_v1_rom_shim.S.obj
                0x10004400                dmul_shim
 .text.ddiv_shim
                0x1000455c      0x1b0 CMakeFiles/MorseCodeDecoder.dir/C_/VSARM/sdk/pico/pico-sdk/src/rp2_common/pico_double/double_v1_rom_shim.S.obj
                0x1000455c                ddiv_shim
 .text.double2uint_shim
                0x1000470c        0xe CMakeFiles/MorseCodeDecoder.dir/C_/VSARM/sdk/pico/pico-sdk/src/rp2_common/pico_double/double_v1_rom_shim.S.obj
                0x1000470c                double2uint_shim
                0x1000470e                double2ufix_shim
 *fill*         0x1000471a        0x2 
 .text.double2uint64_shim
                0x1000471c       0x70 CMakeFiles/MorseCodeDecoder.dir/C_/VSARM/sdk/pico/pico-sdk/src/rp2_common/pico_double/double_v1_rom_shim.S.obj
                0x1000471c                double2uint64_shim
                0x1000471e                double2ufix64_shim
                0x1000473e                d2fix_a
 .text.dunpacks
                0x1000478c       0x3c CMakeFiles/MorseCodeDecoder.dir/C_/VSARM/sdk/pico/pico-sdk/src/rp2_common/pico_double/double_v1_rom_shim.S.obj
                0x1000478c                dunpacks
 .text.__aeabi_lmul
                0x100047c8       0x32 CMakeFiles/MorseCodeDecoder.dir/C_/VSARM/sdk/pico/pico-sdk/src/rp2_common/pico_int64_ops/pico_int64_ops_aeabi.S.obj
                0x100047c8                __wrap___aeabi_lmul
 *fill*         0x100047fa        0x2 
 .text.__aeabi_float_init
                0x100047fc       0xfc CMakeFiles/MorseCodeDecoder.dir/C_/VSARM/sdk/pico/pico-sdk/src/rp2_common/pico_float/float_init_rom.c.obj
                0x100047fc                __aeabi_float_init
 .text.float_table_shim_on_use_helper
                0x100048f8       0x34 CMakeFiles/MorseCodeDecoder.dir/C_/VSARM/sdk/pico/pico-sdk/src/rp2_common/pico_float/float_v1_rom_shim.S.obj
                0x100048f8                float_table_shim_on_use_helper
 .text          0x1000492c       0x10 CMakeFiles/MorseCodeDecoder.dir/C_/VSARM/sdk/pico/pico-sdk/src/rp2_common/pico_mem_ops/mem_ops_aeabi.S.obj
                0x1000492c                __aeabi_mem_init
 .text.memset   0x1000493c        0xc CMakeFiles/MorseCodeDecoder.dir/C_/VSARM/sdk/pico/pico-sdk/src/rp2_common/pico_mem_ops/mem_ops_aeabi.S.obj
                0x1000493c                __wrap_memset
 .text.memcpy   0x10004948        0xc CMakeFiles/MorseCodeDecoder.dir/C_/VSARM/sdk/pico/pico-sdk/src/rp2_common/pico_mem_ops/mem_ops_aeabi.S.obj
                0x10004948                __wrap_memcpy
                0x10004948                __wrap___aeabi_memcpy
 .text.stdio_out_chars_no_crlf
                0x10004954        0xe CMakeFiles/MorseCodeDecoder.dir/C_/VSARM/sdk/pico/pico-sdk/src/rp2_common/pico_stdio/stdio.c.obj
 *fill*         0x10004962        0x2 
 .text.stdio_out_chars_crlf
                0x10004964       0x80 CMakeFiles/MorseCodeDecoder.dir/C_/VSARM/sdk/pico/pico-sdk/src/rp2_common/pico_stdio/stdio.c.obj
 .text.stdio_stack_buffer_flush
                0x100049e4       0x44 CMakeFiles/MorseCodeDecoder.dir/C_/VSARM/sdk/pico/pico-sdk/src/rp2_common/pico_stdio/stdio.c.obj
 .text.stdio_buffered_printer
                0x10004a28       0x20 CMakeFiles/MorseCodeDecoder.dir/C_/VSARM/sdk/pico/pico-sdk/src/rp2_common/pico_stdio/stdio.c.obj
 .text.stdout_serialize_begin
                0x10004a48       0x5c CMakeFiles/MorseCodeDecoder.dir/C_/VSARM/sdk/pico/pico-sdk/src/rp2_common/pico_stdio/stdio.c.obj
                0x10004a48                stdout_serialize_begin
 .text.stdout_serialize_end
                0x10004aa4       0x10 CMakeFiles/MorseCodeDecoder.dir/C_/VSARM/sdk/pico/pico-sdk/src/rp2_common/pico_stdio/stdio.c.obj
                0x10004aa4                stdout_serialize_end
 .text.stdio_put_string
                0x10004ab4       0x98 CMakeFiles/MorseCodeDecoder.dir/C_/VSARM/sdk/pico/pico-sdk/src/rp2_common/pico_stdio/stdio.c.obj
 .text.stdio_set_driver_enabled
                0x10004b4c       0x2c CMakeFiles/MorseCodeDecoder.dir/C_/VSARM/sdk/pico/pico-sdk/src/rp2_common/pico_stdio/stdio.c.obj
                0x10004b4c                stdio_set_driver_enabled
 .text.stdio_flush
                0x10004b78       0x20 CMakeFiles/MorseCodeDecoder.dir/C_/VSARM/sdk/pico/pico-sdk/src/rp2_common/pico_stdio/stdio.c.obj
                0x10004b78                stdio_flush
 .text.__wrap_puts
                0x10004b98       0x1e CMakeFiles/MorseCodeDecoder.dir/C_/VSARM/sdk/pico/pico-sdk/src/rp2_common/pico_stdio/stdio.c.obj
                0x10004b98                __wrap_puts
 *fill*         0x10004bb6        0x2 
 .text.__wrap_vprintf
                0x10004bb8       0x40 CMakeFiles/MorseCodeDecoder.dir/C_/VSARM/sdk/pico/pico-sdk/src/rp2_common/pico_stdio/stdio.c.obj
                0x10004bb8                __wrap_vprintf
 .text.__wrap_printf
                0x10004bf8       0x18 CMakeFiles/MorseCodeDecoder.dir/C_/VSARM/sdk/pico/pico-sdk/src/rp2_common/pico_stdio/stdio.c.obj
                0x10004bf8                __wrap_printf
 .text.stdio_init_all
                0x10004c10        0x8 CMakeFiles/MorseCodeDecoder.dir/C_/VSARM/sdk/pico/pico-sdk/src/rp2_common/pico_stdio/stdio.c.obj
                0x10004c10                stdio_init_all
 .text.resetd_init
                0x10004c18        0x2 CMakeFiles/MorseCodeDecoder.dir/C_/VSARM/sdk/pico/pico-sdk/src/rp2_common/pico_stdio_usb/reset_interface.c.obj
 *fill*         0x10004c1a        0x2 
 .text.resetd_reset
                0x10004c1c        0xc CMakeFiles/MorseCodeDecoder.dir/C_/VSARM/sdk/pico/pico-sdk/src/rp2_common/pico_stdio_usb/reset_interface.c.obj
 .text.resetd_open
                0x10004c28       0x34 CMakeFiles/MorseCodeDecoder.dir/C_/VSARM/sdk/pico/pico-sdk/src/rp2_common/pico_stdio_usb/reset_interface.c.obj
 .text.resetd_xfer_cb
                0x10004c5c        0x4 CMakeFiles/MorseCodeDecoder.dir/C_/VSARM/sdk/pico/pico-sdk/src/rp2_common/pico_stdio_usb/reset_interface.c.obj
 .text.reset_usb_boot
                0x10004c60       0x18 CMakeFiles/MorseCodeDecoder.dir/C_/VSARM/sdk/pico/pico-sdk/src/rp2_common/pico_stdio_usb/reset_interface.c.obj
 .text.resetd_control_xfer_cb
                0x10004c78       0x5c CMakeFiles/MorseCodeDecoder.dir/C_/VSARM/sdk/pico/pico-sdk/src/rp2_common/pico_stdio_usb/reset_interface.c.obj
 .text.usbd_app_driver_get_cb
                0x10004cd4        0xc CMakeFiles/MorseCodeDecoder.dir/C_/VSARM/sdk/pico/pico-sdk/src/rp2_common/pico_stdio_usb/reset_interface.c.obj
                0x10004cd4                usbd_app_driver_get_cb
 .text.tud_cdc_line_coding_cb
                0x10004ce0       0x28 CMakeFiles/MorseCodeDecoder.dir/C_/VSARM/sdk/pico/pico-sdk/src/rp2_common/pico_stdio_usb/reset_interface.c.obj
                0x10004ce0                tud_cdc_line_coding_cb
 .text.stdio_usb_set_chars_available_callback
                0x10004d08       0x14 CMakeFiles/MorseCodeDecoder.dir/C_/VSARM/sdk/pico/pico-sdk/src/rp2_common/pico_stdio_usb/stdio_usb.c.obj
                0x10004d08                stdio_usb_set_chars_available_callback
 .text.usb_irq  0x10004d1c       0x10 CMakeFiles/MorseCodeDecoder.dir/C_/VSARM/sdk/pico/pico-sdk/src/rp2_common/pico_stdio_usb/stdio_usb.c.obj
 .text.timer_task
                0x10004d2c       0x5c CMakeFiles/MorseCodeDecoder.dir/C_/VSARM/sdk/pico/pico-sdk/src/rp2_common/pico_stdio_usb/stdio_usb.c.obj
 .text.low_priority_worker_irq
                0x10004d88       0xdc CMakeFiles/MorseCodeDecoder.dir/C_/VSARM/sdk/pico/pico-sdk/src/rp2_common/pico_stdio_usb/stdio_usb.c.obj
 .text.tud_cdc_rx_cb
                0x10004e64       0x20 CMakeFiles/MorseCodeDecoder.dir/C_/VSARM/sdk/pico/pico-sdk/src/rp2_common/pico_stdio_usb/stdio_usb.c.obj
                0x10004e64                tud_cdc_rx_cb
 .text.stdio_usb_init
                0x10004e84      0x11c CMakeFiles/MorseCodeDecoder.dir/C_/VSARM/sdk/pico/pico-sdk/src/rp2_common/pico_stdio_usb/stdio_usb.c.obj
                0x10004e84                stdio_usb_init
 .text.stdio_usb_connected
                0x10004fa0        0xa CMakeFiles/MorseCodeDecoder.dir/C_/VSARM/sdk/pico/pico-sdk/src/rp2_common/pico_stdio_usb/stdio_usb.c.obj
                0x10004fa0                stdio_usb_connected
 *fill*         0x10004faa        0x2 
 .text.stdio_usb_in_chars
                0x10004fac       0xc4 CMakeFiles/MorseCodeDecoder.dir/C_/VSARM/sdk/pico/pico-sdk/src/rp2_common/pico_stdio_usb/stdio_usb.c.obj
                0x10004fac                stdio_usb_in_chars
 .text.stdio_usb_out_chars
                0x10005070      0x114 CMakeFiles/MorseCodeDecoder.dir/C_/VSARM/sdk/pico/pico-sdk/src/rp2_common/pico_stdio_usb/stdio_usb.c.obj
 .text.tud_descriptor_device_cb
                0x10005184        0x8 CMakeFiles/MorseCodeDecoder.dir/C_/VSARM/sdk/pico/pico-sdk/src/rp2_common/pico_stdio_usb/stdio_usb_descriptors.c.obj
                0x10005184                tud_descriptor_device_cb
 .text.tud_descriptor_configuration_cb
                0x1000518c        0x8 CMakeFiles/MorseCodeDecoder.dir/C_/VSARM/sdk/pico/pico-sdk/src/rp2_common/pico_stdio_usb/stdio_usb_descriptors.c.obj
                0x1000518c                tud_descriptor_configuration_cb
 .text.tud_descriptor_string_cb
                0x10005194       0x6c CMakeFiles/MorseCodeDecoder.dir/C_/VSARM/sdk/pico/pico-sdk/src/rp2_common/pico_stdio_usb/stdio_usb_descriptors.c.obj
                0x10005194                tud_descriptor_string_cb
 .text._retrieve_unique_id_on_boot
                0x10005200       0x10 CMakeFiles/MorseCodeDecoder.dir/C_/VSARM/sdk/pico/pico-sdk/src/rp2_common/pico_unique_id/unique_id.c.obj
 .text.pico_get_unique_board_id_string
                0x10005210       0x60 CMakeFiles/MorseCodeDecoder.dir/C_/VSARM/sdk/pico/pico-sdk/src/rp2_common/pico_unique_id/unique_id.c.obj
                0x10005210                pico_get_unique_board_id_string
 .text.flash_get_unique_id
                0x10005270       0x46 CMakeFiles/MorseCodeDecoder.dir/C_/VSARM/sdk/pico/pico-sdk/src/rp2_common/hardware_flash/flash.c.obj
                0x10005270                flash_get_unique_id
 *fill*         0x100052b6        0x2 
 .text.hw_endpoint_get_by_addr
                0x100052b8       0x18 CMakeFiles/MorseCodeDecoder.dir/C_/VSARM/sdk/pico/pico-sdk/lib/tinyusb/src/portable/raspberrypi/rp2040/dcd_rp2040.c.obj
 .text._hw_endpoint_alloc
                0x100052d0       0x70 CMakeFiles/MorseCodeDecoder.dir/C_/VSARM/sdk/pico/pico-sdk/lib/tinyusb/src/portable/raspberrypi/rp2040/dcd_rp2040.c.obj
 .text.hw_endpoint_init
                0x10005340       0x88 CMakeFiles/MorseCodeDecoder.dir/C_/VSARM/sdk/pico/pico-sdk/lib/tinyusb/src/portable/raspberrypi/rp2040/dcd_rp2040.c.obj
 .text.hw_endpoint_xfer
                0x100053c8       0x14 CMakeFiles/MorseCodeDecoder.dir/C_/VSARM/sdk/pico/pico-sdk/lib/tinyusb/src/portable/raspberrypi/rp2040/dcd_rp2040.c.obj
 .text.dcd_int_enable
                0x100053dc       0x2c CMakeFiles/MorseCodeDecoder.dir/C_/VSARM/sdk/pico/pico-sdk/lib/tinyusb/src/portable/raspberrypi/rp2040/dcd_rp2040.c.obj
                0x100053dc                dcd_int_enable
 .text.dcd_set_address
                0x10005408       0x2c CMakeFiles/MorseCodeDecoder.dir/C_/VSARM/sdk/pico/pico-sdk/lib/tinyusb/src/portable/raspberrypi/rp2040/dcd_rp2040.c.obj
                0x10005408                dcd_set_address
 .text.dcd_connect
                0x10005434       0x10 CMakeFiles/MorseCodeDecoder.dir/C_/VSARM/sdk/pico/pico-sdk/lib/tinyusb/src/portable/raspberrypi/rp2040/dcd_rp2040.c.obj
                0x10005434                dcd_connect
 .text.dcd_init
                0x10005444       0x80 CMakeFiles/MorseCodeDecoder.dir/C_/VSARM/sdk/pico/pico-sdk/lib/tinyusb/src/portable/raspberrypi/rp2040/dcd_rp2040.c.obj
                0x10005444                dcd_init
 .text.dcd_edpt0_status_complete
                0x100054c4       0x1c CMakeFiles/MorseCodeDecoder.dir/C_/VSARM/sdk/pico/pico-sdk/lib/tinyusb/src/portable/raspberrypi/rp2040/dcd_rp2040.c.obj
                0x100054c4                dcd_edpt0_status_complete
 .text.dcd_edpt_open
                0x100054e0       0x40 CMakeFiles/MorseCodeDecoder.dir/C_/VSARM/sdk/pico/pico-sdk/lib/tinyusb/src/portable/raspberrypi/rp2040/dcd_rp2040.c.obj
                0x100054e0                dcd_edpt_open
 .text.dcd_edpt_close_all
                0x10005520        0x8 CMakeFiles/MorseCodeDecoder.dir/C_/VSARM/sdk/pico/pico-sdk/lib/tinyusb/src/portable/raspberrypi/rp2040/dcd_rp2040.c.obj
                0x10005520                dcd_edpt_close_all
 .text.dcd_edpt_xfer
                0x10005528       0x34 CMakeFiles/MorseCodeDecoder.dir/C_/VSARM/sdk/pico/pico-sdk/lib/tinyusb/src/portable/raspberrypi/rp2040/dcd_rp2040.c.obj
                0x10005528                dcd_edpt_xfer
 .text.dcd_edpt_stall
                0x1000555c       0x2c CMakeFiles/MorseCodeDecoder.dir/C_/VSARM/sdk/pico/pico-sdk/lib/tinyusb/src/portable/raspberrypi/rp2040/dcd_rp2040.c.obj
                0x1000555c                dcd_edpt_stall
 .text.dcd_edpt_clear_stall
                0x10005588       0x20 CMakeFiles/MorseCodeDecoder.dir/C_/VSARM/sdk/pico/pico-sdk/lib/tinyusb/src/portable/raspberrypi/rp2040/dcd_rp2040.c.obj
                0x10005588                dcd_edpt_clear_stall
 .text.rp2040_usb_init
                0x100055a8       0x4c CMakeFiles/MorseCodeDecoder.dir/C_/VSARM/sdk/pico/pico-sdk/lib/tinyusb/src/portable/raspberrypi/rp2040/rp2040_usb.c.obj
                0x100055a8                rp2040_usb_init
 .text.hw_endpoint_xfer_start
                0x100055f4       0x50 CMakeFiles/MorseCodeDecoder.dir/C_/VSARM/sdk/pico/pico-sdk/lib/tinyusb/src/portable/raspberrypi/rp2040/rp2040_usb.c.obj
                0x100055f4                hw_endpoint_xfer_start
 .text.configuration_reset
                0x10005644       0x84 CMakeFiles/MorseCodeDecoder.dir/C_/VSARM/sdk/pico/pico-sdk/lib/tinyusb/src/device/usbd.c.obj
 .text.usbd_reset
                0x100056c8        0xc CMakeFiles/MorseCodeDecoder.dir/C_/VSARM/sdk/pico/pico-sdk/lib/tinyusb/src/device/usbd.c.obj
 .text.invoke_class_control
                0x100056d4       0x1a CMakeFiles/MorseCodeDecoder.dir/C_/VSARM/sdk/pico/pico-sdk/lib/tinyusb/src/device/usbd.c.obj
 *fill*         0x100056ee        0x2 
 .text.process_set_config
                0x100056f0      0x178 CMakeFiles/MorseCodeDecoder.dir/C_/VSARM/sdk/pico/pico-sdk/lib/tinyusb/src/device/usbd.c.obj
 .text.process_get_descriptor
                0x10005868       0xdc CMakeFiles/MorseCodeDecoder.dir/C_/VSARM/sdk/pico/pico-sdk/lib/tinyusb/src/device/usbd.c.obj
 .text.tud_mounted
                0x10005944       0x10 CMakeFiles/MorseCodeDecoder.dir/C_/VSARM/sdk/pico/pico-sdk/lib/tinyusb/src/device/usbd.c.obj
                0x10005944                tud_mounted
 .text.tud_suspended
                0x10005954       0x10 CMakeFiles/MorseCodeDecoder.dir/C_/VSARM/sdk/pico/pico-sdk/lib/tinyusb/src/device/usbd.c.obj
                0x10005954                tud_suspended
 .text.tud_inited
                0x10005964       0x14 CMakeFiles/MorseCodeDecoder.dir/C_/VSARM/sdk/pico/pico-sdk/lib/tinyusb/src/device/usbd.c.obj
                0x10005964                tud_inited
 .text.tud_init
                0x10005978       0xcc CMakeFiles/MorseCodeDecoder.dir/C_/VSARM/sdk/pico/pico-sdk/lib/tinyusb/src/device/usbd.c.obj
                0x10005978                tud_init
 .text.usbd_defer_func
                0x10005a44       0x2a CMakeFiles/MorseCodeDecoder.dir/C_/VSARM/sdk/pico/pico-sdk/lib/tinyusb/src/device/usbd.c.obj
                0x10005a44                usbd_defer_func
 *fill*         0x10005a6e        0x2 
 .text.usbd_edpt_open
                0x10005a70       0x34 CMakeFiles/MorseCodeDecoder.dir/C_/VSARM/sdk/pico/pico-sdk/lib/tinyusb/src/device/usbd.c.obj
                0x10005a70                usbd_edpt_open
 .text.usbd_open_edpt_pair
                0x10005aa4       0x62 CMakeFiles/MorseCodeDecoder.dir/C_/VSARM/sdk/pico/pico-sdk/lib/tinyusb/src/device/usbd.c.obj
                0x10005aa4                usbd_open_edpt_pair
 *fill*         0x10005b06        0x2 
 .text.usbd_edpt_claim
                0x10005b08       0x28 CMakeFiles/MorseCodeDecoder.dir/C_/VSARM/sdk/pico/pico-sdk/lib/tinyusb/src/device/usbd.c.obj
                0x10005b08                usbd_edpt_claim
 .text.usbd_edpt_release
                0x10005b30       0x28 CMakeFiles/MorseCodeDecoder.dir/C_/VSARM/sdk/pico/pico-sdk/lib/tinyusb/src/device/usbd.c.obj
                0x10005b30                usbd_edpt_release
 .text.usbd_edpt_xfer
                0x10005b58       0x78 CMakeFiles/MorseCodeDecoder.dir/C_/VSARM/sdk/pico/pico-sdk/lib/tinyusb/src/device/usbd.c.obj
                0x10005b58                usbd_edpt_xfer
 .text.usbd_edpt_stall
                0x10005bd0       0x48 CMakeFiles/MorseCodeDecoder.dir/C_/VSARM/sdk/pico/pico-sdk/lib/tinyusb/src/device/usbd.c.obj
                0x10005bd0                usbd_edpt_stall
 .text.usbd_edpt_clear_stall
                0x10005c18       0x48 CMakeFiles/MorseCodeDecoder.dir/C_/VSARM/sdk/pico/pico-sdk/lib/tinyusb/src/device/usbd.c.obj
                0x10005c18                usbd_edpt_clear_stall
 .text.usbd_edpt_stalled
                0x10005c60       0x1c CMakeFiles/MorseCodeDecoder.dir/C_/VSARM/sdk/pico/pico-sdk/lib/tinyusb/src/device/usbd.c.obj
                0x10005c60                usbd_edpt_stalled
 .text.process_control_request
                0x10005c7c      0x37c CMakeFiles/MorseCodeDecoder.dir/C_/VSARM/sdk/pico/pico-sdk/lib/tinyusb/src/device/usbd.c.obj
 .text.tud_task_ext
                0x10005ff8      0x1b8 CMakeFiles/MorseCodeDecoder.dir/C_/VSARM/sdk/pico/pico-sdk/lib/tinyusb/src/device/usbd.c.obj
                0x10005ff8                tud_task_ext
 .text._data_stage_xact
                0x100061b0       0x58 CMakeFiles/MorseCodeDecoder.dir/C_/VSARM/sdk/pico/pico-sdk/lib/tinyusb/src/device/usbd_control.c.obj
 .text.tud_control_status
                0x10006208       0x38 CMakeFiles/MorseCodeDecoder.dir/C_/VSARM/sdk/pico/pico-sdk/lib/tinyusb/src/device/usbd_control.c.obj
                0x10006208                tud_control_status
 .text.tud_control_xfer
                0x10006240       0x74 CMakeFiles/MorseCodeDecoder.dir/C_/VSARM/sdk/pico/pico-sdk/lib/tinyusb/src/device/usbd_control.c.obj
                0x10006240                tud_control_xfer
 .text.usbd_control_reset
                0x100062b4       0x14 CMakeFiles/MorseCodeDecoder.dir/C_/VSARM/sdk/pico/pico-sdk/lib/tinyusb/src/device/usbd_control.c.obj
                0x100062b4                usbd_control_reset
 .text.usbd_control_set_complete_callback
                0x100062c8        0xc CMakeFiles/MorseCodeDecoder.dir/C_/VSARM/sdk/pico/pico-sdk/lib/tinyusb/src/device/usbd_control.c.obj
                0x100062c8                usbd_control_set_complete_callback
 .text.usbd_control_set_request
                0x100062d4       0x1c CMakeFiles/MorseCodeDecoder.dir/C_/VSARM/sdk/pico/pico-sdk/lib/tinyusb/src/device/usbd_control.c.obj
                0x100062d4                usbd_control_set_request
 .text.usbd_control_xfer_cb
                0x100062f0       0xcc CMakeFiles/MorseCodeDecoder.dir/C_/VSARM/sdk/pico/pico-sdk/lib/tinyusb/src/device/usbd_control.c.obj
                0x100062f0                usbd_control_xfer_cb
 .text._prep_out_transaction
                0x100063bc       0x4a CMakeFiles/MorseCodeDecoder.dir/C_/VSARM/sdk/pico/pico-sdk/lib/tinyusb/src/class/cdc/cdc_device.c.obj
 *fill*         0x10006406        0x2 
 .text.tud_cdc_n_connected
                0x10006408       0x44 CMakeFiles/MorseCodeDecoder.dir/C_/VSARM/sdk/pico/pico-sdk/lib/tinyusb/src/class/cdc/cdc_device.c.obj
                0x10006408                tud_cdc_n_connected
 .text.tud_cdc_n_available
                0x1000644c       0x18 CMakeFiles/MorseCodeDecoder.dir/C_/VSARM/sdk/pico/pico-sdk/lib/tinyusb/src/class/cdc/cdc_device.c.obj
                0x1000644c                tud_cdc_n_available
 .text.tud_cdc_n_read
                0x10006464       0x28 CMakeFiles/MorseCodeDecoder.dir/C_/VSARM/sdk/pico/pico-sdk/lib/tinyusb/src/class/cdc/cdc_device.c.obj
                0x10006464                tud_cdc_n_read
 .text.tud_cdc_n_write_flush
                0x1000648c       0xb8 CMakeFiles/MorseCodeDecoder.dir/C_/VSARM/sdk/pico/pico-sdk/lib/tinyusb/src/class/cdc/cdc_device.c.obj
                0x1000648c                tud_cdc_n_write_flush
 .text.tud_cdc_n_write
                0x10006544       0x38 CMakeFiles/MorseCodeDecoder.dir/C_/VSARM/sdk/pico/pico-sdk/lib/tinyusb/src/class/cdc/cdc_device.c.obj
                0x10006544                tud_cdc_n_write
 .text.tud_cdc_n_write_available
                0x1000657c       0x1c CMakeFiles/MorseCodeDecoder.dir/C_/VSARM/sdk/pico/pico-sdk/lib/tinyusb/src/class/cdc/cdc_device.c.obj
                0x1000657c                tud_cdc_n_write_available
 .text.cdcd_init
                0x10006598       0xbc CMakeFiles/MorseCodeDecoder.dir/C_/VSARM/sdk/pico/pico-sdk/lib/tinyusb/src/class/cdc/cdc_device.c.obj
                0x10006598                cdcd_init
 .text.cdcd_reset
                0x10006654       0x44 CMakeFiles/MorseCodeDecoder.dir/C_/VSARM/sdk/pico/pico-sdk/lib/tinyusb/src/class/cdc/cdc_device.c.obj
                0x10006654                cdcd_reset
 .text.cdcd_open
                0x10006698       0xcc CMakeFiles/MorseCodeDecoder.dir/C_/VSARM/sdk/pico/pico-sdk/lib/tinyusb/src/class/cdc/cdc_device.c.obj
                0x10006698                cdcd_open
 .text.cdcd_control_xfer_cb
                0x10006764      0x134 CMakeFiles/MorseCodeDecoder.dir/C_/VSARM/sdk/pico/pico-sdk/lib/tinyusb/src/class/cdc/cdc_device.c.obj
                0x10006764                cdcd_control_xfer_cb
 .text.cdcd_xfer_cb
                0x10006898      0x130 CMakeFiles/MorseCodeDecoder.dir/C_/VSARM/sdk/pico/pico-sdk/lib/tinyusb/src/class/cdc/cdc_device.c.obj
                0x10006898                cdcd_xfer_cb
 .text.tusb_init
                0x100069c8        0xa CMakeFiles/MorseCodeDecoder.dir/C_/VSARM/sdk/pico/pico-sdk/lib/tinyusb/src/tusb.c.obj
                0x100069c8                tusb_init
 .text.tusb_inited
                0x100069d2        0xe CMakeFiles/MorseCodeDecoder.dir/C_/VSARM/sdk/pico/pico-sdk/lib/tinyusb/src/tusb.c.obj
                0x100069d2                tusb_inited
 .text.tu_edpt_claim
                0x100069e0       0x50 CMakeFiles/MorseCodeDecoder.dir/C_/VSARM/sdk/pico/pico-sdk/lib/tinyusb/src/tusb.c.obj
                0x100069e0                tu_edpt_claim
 .text.tu_edpt_release
                0x10006a30       0x3c CMakeFiles/MorseCodeDecoder.dir/C_/VSARM/sdk/pico/pico-sdk/lib/tinyusb/src/tusb.c.obj
                0x10006a30                tu_edpt_release
 .text.tu_edpt_validate
                0x10006a6c       0x78 CMakeFiles/MorseCodeDecoder.dir/C_/VSARM/sdk/pico/pico-sdk/lib/tinyusb/src/tusb.c.obj
                0x10006a6c                tu_edpt_validate
 .text.tu_edpt_bind_driver
                0x10006ae4       0x26 CMakeFiles/MorseCodeDecoder.dir/C_/VSARM/sdk/pico/pico-sdk/lib/tinyusb/src/tusb.c.obj
                0x10006ae4                tu_edpt_bind_driver
 .text.advance_index
                0x10006b0a       0x1a CMakeFiles/MorseCodeDecoder.dir/C_/VSARM/sdk/pico/pico-sdk/lib/tinyusb/src/common/tusb_fifo.c.obj
 .text._tu_fifo_peek
                0x10006b24       0x56 CMakeFiles/MorseCodeDecoder.dir/C_/VSARM/sdk/pico/pico-sdk/lib/tinyusb/src/common/tusb_fifo.c.obj
 .text._ff_pull_const_addr
                0x10006b7a       0x4c CMakeFiles/MorseCodeDecoder.dir/C_/VSARM/sdk/pico/pico-sdk/lib/tinyusb/src/common/tusb_fifo.c.obj
 .text._ff_pull_n
                0x10006bc6      0x110 CMakeFiles/MorseCodeDecoder.dir/C_/VSARM/sdk/pico/pico-sdk/lib/tinyusb/src/common/tusb_fifo.c.obj
 .text._tu_fifo_peek_n
                0x10006cd6       0x6a CMakeFiles/MorseCodeDecoder.dir/C_/VSARM/sdk/pico/pico-sdk/lib/tinyusb/src/common/tusb_fifo.c.obj
 .text._tu_fifo_read_n
                0x10006d40       0x4e CMakeFiles/MorseCodeDecoder.dir/C_/VSARM/sdk/pico/pico-sdk/lib/tinyusb/src/common/tusb_fifo.c.obj
 .text._ff_push_const_addr
                0x10006d8e       0x40 CMakeFiles/MorseCodeDecoder.dir/C_/VSARM/sdk/pico/pico-sdk/lib/tinyusb/src/common/tusb_fifo.c.obj
 .text._ff_push_n
                0x10006dce      0x10c CMakeFiles/MorseCodeDecoder.dir/C_/VSARM/sdk/pico/pico-sdk/lib/tinyusb/src/common/tusb_fifo.c.obj
 .text._tu_fifo_write_n
                0x10006eda       0xf0 CMakeFiles/MorseCodeDecoder.dir/C_/VSARM/sdk/pico/pico-sdk/lib/tinyusb/src/common/tusb_fifo.c.obj
 .text.tu_fifo_config
                0x10006fca       0x7c CMakeFiles/MorseCodeDecoder.dir/C_/VSARM/sdk/pico/pico-sdk/lib/tinyusb/src/common/tusb_fifo.c.obj
                0x10006fca                tu_fifo_config
 .text.tu_fifo_count
                0x10007046       0x2a CMakeFiles/MorseCodeDecoder.dir/C_/VSARM/sdk/pico/pico-sdk/lib/tinyusb/src/common/tusb_fifo.c.obj
                0x10007046                tu_fifo_count
 .text.tu_fifo_empty
                0x10007070       0x10 CMakeFiles/MorseCodeDecoder.dir/C_/VSARM/sdk/pico/pico-sdk/lib/tinyusb/src/common/tusb_fifo.c.obj
                0x10007070                tu_fifo_empty
 .text.tu_fifo_full
                0x10007080       0x28 CMakeFiles/MorseCodeDecoder.dir/C_/VSARM/sdk/pico/pico-sdk/lib/tinyusb/src/common/tusb_fifo.c.obj
                0x10007080                tu_fifo_full
 .text.tu_fifo_remaining
                0x100070a8       0x2c CMakeFiles/MorseCodeDecoder.dir/C_/VSARM/sdk/pico/pico-sdk/lib/tinyusb/src/common/tusb_fifo.c.obj
                0x100070a8                tu_fifo_remaining
 .text.tu_fifo_read
                0x100070d4       0x42 CMakeFiles/MorseCodeDecoder.dir/C_/VSARM/sdk/pico/pico-sdk/lib/tinyusb/src/common/tusb_fifo.c.obj
                0x100070d4                tu_fifo_read
 .text.tu_fifo_read_n
                0x10007116        0xa CMakeFiles/MorseCodeDecoder.dir/C_/VSARM/sdk/pico/pico-sdk/lib/tinyusb/src/common/tusb_fifo.c.obj
                0x10007116                tu_fifo_read_n
 .text.tu_fifo_write
                0x10007120       0x64 CMakeFiles/MorseCodeDecoder.dir/C_/VSARM/sdk/pico/pico-sdk/lib/tinyusb/src/common/tusb_fifo.c.obj
                0x10007120                tu_fifo_write
 .text.tu_fifo_write_n
                0x10007184        0xa CMakeFiles/MorseCodeDecoder.dir/C_/VSARM/sdk/pico/pico-sdk/lib/tinyusb/src/common/tusb_fifo.c.obj
                0x10007184                tu_fifo_write_n
 .text.tu_fifo_clear
                0x1000718e       0x3e CMakeFiles/MorseCodeDecoder.dir/C_/VSARM/sdk/pico/pico-sdk/lib/tinyusb/src/common/tusb_fifo.c.obj
                0x1000718e                tu_fifo_clear
 .text.tu_fifo_set_overwritable
                0x100071cc       0x46 CMakeFiles/MorseCodeDecoder.dir/C_/VSARM/sdk/pico/pico-sdk/lib/tinyusb/src/common/tusb_fifo.c.obj
                0x100071cc                tu_fifo_set_overwritable
 *fill*         0x10007212        0x2 
 .text          0x10007214       0x88 c:/vsarm/armcc/102021~1.10/bin/../lib/gcc/arm-none-eabi/10.3.1/../../../../arm-none-eabi/lib/thumb/v6-m/nofp\libg.a(lib_a-strcmp.o)
                0x10007214                strcmp
 .text.strlen   0x1000729c       0x5c c:/vsarm/armcc/102021~1.10/bin/../lib/gcc/arm-none-eabi/10.3.1/../../../../arm-none-eabi/lib/thumb/v6-m/nofp\libg.a(lib_a-strlen-stub.o)
                0x1000729c                strlen
 *(.fini)
 .fini          0x100072f8        0x4 c:/vsarm/armcc/102021~1.10/bin/../lib/gcc/arm-none-eabi/10.3.1/thumb/v6-m/nofp/crti.o
                0x100072f8                _fini
 *fill*         0x100072fc        0x4 
 .fini.__stub   0x10007300       0xe0 linker stubs
 *crtbegin.o(.ctors)
 *crtbegin?.o(.ctors)
 *(EXCLUDE_FILE(*crtend.o *crtend?.o) .ctors)
 *(SORT_BY_NAME(.ctors.*))
 *(.ctors)
 *crtbegin.o(.dtors)
 *crtbegin?.o(.dtors)
 *(EXCLUDE_FILE(*crtend.o *crtend?.o) .dtors)
 *(SORT_BY_NAME(.dtors.*))
 *(.dtors)
 *(.eh_frame*)
 .eh_frame      0x100073e0        0x0 c:/vsarm/armcc/102021~1.10/bin/../lib/gcc/arm-none-eabi/10.3.1/thumb/v6-m/nofp/crtbegin.o
                0x100073e0                . = ALIGN (0x4)

.glue_7         0x100073e0        0x0
 .glue_7        0x100073e0        0x0 linker stubs

.glue_7t        0x100073e0        0x0
 .glue_7t       0x100073e0        0x0 linker stubs

.vfp11_veneer   0x100073e0        0x0
 .vfp11_veneer  0x100073e0        0x0 linker stubs

.v4_bx          0x100073e0        0x0
 .v4_bx         0x100073e0        0x0 linker stubs

.iplt           0x100073e0        0x0
 .iplt          0x100073e0        0x0 c:/vsarm/armcc/102021~1.10/bin/../lib/gcc/arm-none-eabi/10.3.1/thumb/v6-m/nofp/crtbegin.o

.rodata         0x100073e0     0x170c
 *(EXCLUDE_FILE(*libm.a: *libc.a:*lib_a-mem*.o *libgcc.a:) .rodata*)
 .rodata.checkButton.str1.4
                0x100073e0       0x49 CMakeFiles/MorseCodeDecoder.dir/main.c.obj
 *fill*         0x10007429        0x3 
 .rodata.morseToChar.str1.4
                0x1000742c       0x91 CMakeFiles/MorseCodeDecoder.dir/main.c.obj
                                 0x95 (size before relaxing)
 *fill*         0x100074bd        0x3 
 .rodata.decoder.str1.4
                0x100074c0       0xa7 CMakeFiles/MorseCodeDecoder.dir/main.c.obj
 *fill*         0x10007567        0x1 
 .rodata.main.str1.4
                0x10007568       0x52 CMakeFiles/MorseCodeDecoder.dir/main.c.obj
 *fill*         0x100075ba        0x2 
 .rodata.ALL_SEGMENTS
                0x100075bc       0x1c CMakeFiles/MorseCodeDecoder.dir/main.c.obj
 .rodata.__func__.0
                0x100075d8       0x15 CMakeFiles/MorseCodeDecoder.dir/main.c.obj
 *fill*         0x100075ed        0x3 
 .rodata.spin_lock_claim_unused.str1.4
                0x100075f0       0x1b CMakeFiles/MorseCodeDecoder.dir/C_/VSARM/sdk/pico/pico-sdk/src/rp2_common/hardware_sync/sync.c.obj
 *fill*         0x1000760b        0x1 
 .rodata.make_branch.str1.4
                0x1000760c       0x6d CMakeFiles/MorseCodeDecoder.dir/C_/VSARM/sdk/pico/pico-sdk/src/rp2_common/hardware_irq/irq.c.obj
 *fill*         0x10007679        0x3 
 .rodata.insert_branch_and_link.str1.4
                0x1000767c       0x10 CMakeFiles/MorseCodeDecoder.dir/C_/VSARM/sdk/pico/pico-sdk/src/rp2_common/hardware_irq/irq.c.obj
 .rodata.irq_set_exclusive_handler.str1.4
                0x1000768c       0x36 CMakeFiles/MorseCodeDecoder.dir/C_/VSARM/sdk/pico/pico-sdk/src/rp2_common/hardware_irq/irq.c.obj
 *fill*         0x100076c2        0x2 
 .rodata.irq_add_shared_handler.str1.4
                0x100076c4       0xd9 CMakeFiles/MorseCodeDecoder.dir/C_/VSARM/sdk/pico/pico-sdk/src/rp2_common/hardware_irq/irq.c.obj
 *fill*         0x1000779d        0x3 
 .rodata.irq_remove_handler.str1.4
                0x100077a0       0x3a CMakeFiles/MorseCodeDecoder.dir/C_/VSARM/sdk/pico/pico-sdk/src/rp2_common/hardware_irq/irq.c.obj
 *fill*         0x100077da        0x2 
 .rodata.irq_add_tail_to_free_list.str1.4
                0x100077dc       0x3a CMakeFiles/MorseCodeDecoder.dir/C_/VSARM/sdk/pico/pico-sdk/src/rp2_common/hardware_irq/irq.c.obj
 *fill*         0x10007816        0x2 
 .rodata.user_irq_claim_unused.str1.4
                0x10007818       0x1b CMakeFiles/MorseCodeDecoder.dir/C_/VSARM/sdk/pico/pico-sdk/src/rp2_common/hardware_irq/irq.c.obj
 *fill*         0x10007833        0x1 
 .rodata.__func__.0
                0x10007834       0x1a CMakeFiles/MorseCodeDecoder.dir/C_/VSARM/sdk/pico/pico-sdk/src/rp2_common/hardware_irq/irq.c.obj
 *fill*         0x1000784e        0x2 
 .rodata.__func__.1
                0x10007850       0x17 CMakeFiles/MorseCodeDecoder.dir/C_/VSARM/sdk/pico/pico-sdk/src/rp2_common/hardware_irq/irq.c.obj
 *fill*         0x10007867        0x1 
 .rodata.__func__.2
                0x10007868       0x13 CMakeFiles/MorseCodeDecoder.dir/C_/VSARM/sdk/pico/pico-sdk/src/rp2_common/hardware_irq/irq.c.obj
 *fill*         0x1000787b        0x1 
 .rodata.__func__.3
                0x1000787c        0xc CMakeFiles/MorseCodeDecoder.dir/C_/VSARM/sdk/pico/pico-sdk/src/rp2_common/hardware_irq/irq.c.obj
 .rodata.__func__.4
                0x10007888        0xf CMakeFiles/MorseCodeDecoder.dir/C_/VSARM/sdk/pico/pico-sdk/src/rp2_common/hardware_irq/irq.c.obj
 *fill*         0x10007897        0x1 
 .rodata.__func__.5
                0x10007898       0x17 CMakeFiles/MorseCodeDecoder.dir/C_/VSARM/sdk/pico/pico-sdk/src/rp2_common/hardware_irq/irq.c.obj
 *fill*         0x100078af        0x1 
 .rodata.__func__.6
                0x100078b0       0x1a CMakeFiles/MorseCodeDecoder.dir/C_/VSARM/sdk/pico/pico-sdk/src/rp2_common/hardware_irq/irq.c.obj
 *fill*         0x100078ca        0x2 
 .rodata.str1.4
                0x100078cc       0x89 CMakeFiles/MorseCodeDecoder.dir/C_/VSARM/sdk/pico/pico-sdk/src/common/pico_sync/mutex.c.obj
                                 0xed (size before relaxing)
 *fill*         0x10007955        0x3 
 .rodata.__func__.1
                0x10007958        0xb CMakeFiles/MorseCodeDecoder.dir/C_/VSARM/sdk/pico/pico-sdk/src/common/pico_sync/mutex.c.obj
 *fill*         0x10007963        0x1 
 .rodata.__func__.3
                0x10007964       0x18 CMakeFiles/MorseCodeDecoder.dir/C_/VSARM/sdk/pico/pico-sdk/src/common/pico_sync/mutex.c.obj
 .rodata.__func__.4
                0x1000797c       0x15 CMakeFiles/MorseCodeDecoder.dir/C_/VSARM/sdk/pico/pico-sdk/src/common/pico_sync/mutex.c.obj
 *fill*         0x10007991        0x3 
 .rodata.repeating_timer_callback.str1.4
                0x10007994       0x4b CMakeFiles/MorseCodeDecoder.dir/C_/VSARM/sdk/pico/pico-sdk/src/common/pico_time/time.c.obj
 *fill*         0x100079df        0x1 
 .rodata.timer_pool_entry_comparator.str1.4
                0x100079e0       0x22 CMakeFiles/MorseCodeDecoder.dir/C_/VSARM/sdk/pico/pico-sdk/src/common/pico_time/time.c.obj
 *fill*         0x10007a02        0x2 
 .rodata.ph_add_child_node.str1.4
                0x10007a04       0x96 CMakeFiles/MorseCodeDecoder.dir/C_/VSARM/sdk/pico/pico-sdk/src/common/pico_time/time.c.obj
 *fill*         0x10007a9a        0x2 
 .rodata.add_alarm_under_lock.str1.4
                0x10007a9c       0x28 CMakeFiles/MorseCodeDecoder.dir/C_/VSARM/sdk/pico/pico-sdk/src/common/pico_time/time.c.obj
                                 0x2b (size before relaxing)
 .rodata.alarm_pool_alarm_callback.str1.4
                0x10007ac4       0x98 CMakeFiles/MorseCodeDecoder.dir/C_/VSARM/sdk/pico/pico-sdk/src/common/pico_time/time.c.obj
                                 0xfc (size before relaxing)
 .rodata.alarm_pool_get_default.str1.4
                0x10007b5c       0x21 CMakeFiles/MorseCodeDecoder.dir/C_/VSARM/sdk/pico/pico-sdk/src/common/pico_time/time.c.obj
 *fill*         0x10007b7d        0x3 
 .rodata.alarm_pool_cancel_alarm.str1.4
                0x10007b80       0x27 CMakeFiles/MorseCodeDecoder.dir/C_/VSARM/sdk/pico/pico-sdk/src/common/pico_time/time.c.obj
 *fill*         0x10007ba7        0x1 
 .rodata.sleep_until.str1.4
                0x10007ba8       0x4d CMakeFiles/MorseCodeDecoder.dir/C_/VSARM/sdk/pico/pico-sdk/src/common/pico_time/time.c.obj
 *fill*         0x10007bf5        0x3 
 .rodata.__func__.1
                0x10007bf8       0x18 CMakeFiles/MorseCodeDecoder.dir/C_/VSARM/sdk/pico/pico-sdk/src/common/pico_time/time.c.obj
 .rodata.__func__.10
                0x10007c10       0x15 CMakeFiles/MorseCodeDecoder.dir/C_/VSARM/sdk/pico/pico-sdk/src/common/pico_time/time.c.obj
 *fill*         0x10007c25        0x3 
 .rodata.__func__.11
                0x10007c28       0x1a CMakeFiles/MorseCodeDecoder.dir/C_/VSARM/sdk/pico/pico-sdk/src/common/pico_time/time.c.obj
 *fill*         0x10007c42        0x2 
 .rodata.__func__.12
                0x10007c44        0xa CMakeFiles/MorseCodeDecoder.dir/C_/VSARM/sdk/pico/pico-sdk/src/common/pico_time/time.c.obj
 *fill*         0x10007c4e        0x2 
 .rodata.__func__.3
                0x10007c50       0x17 CMakeFiles/MorseCodeDecoder.dir/C_/VSARM/sdk/pico/pico-sdk/src/common/pico_time/time.c.obj
 *fill*         0x10007c67        0x1 
 .rodata.__func__.4
                0x10007c68       0x12 CMakeFiles/MorseCodeDecoder.dir/C_/VSARM/sdk/pico/pico-sdk/src/common/pico_time/time.c.obj
 *fill*         0x10007c7a        0x2 
 .rodata.__func__.5
                0x10007c7c        0xd CMakeFiles/MorseCodeDecoder.dir/C_/VSARM/sdk/pico/pico-sdk/src/common/pico_time/time.c.obj
 *fill*         0x10007c89        0x3 
 .rodata.__func__.6
                0x10007c8c       0x12 CMakeFiles/MorseCodeDecoder.dir/C_/VSARM/sdk/pico/pico-sdk/src/common/pico_time/time.c.obj
 *fill*         0x10007c9e        0x2 
 .rodata.__func__.7
                0x10007ca0        0xf CMakeFiles/MorseCodeDecoder.dir/C_/VSARM/sdk/pico/pico-sdk/src/common/pico_time/time.c.obj
 *fill*         0x10007caf        0x1 
 .rodata.__func__.8
                0x10007cb0        0xc CMakeFiles/MorseCodeDecoder.dir/C_/VSARM/sdk/pico/pico-sdk/src/common/pico_time/time.c.obj
 .rodata.__func__.9
                0x10007cbc       0x15 CMakeFiles/MorseCodeDecoder.dir/C_/VSARM/sdk/pico/pico-sdk/src/common/pico_time/time.c.obj
 *fill*         0x10007cd1        0x3 
 .rodata.hardware_alarm_claim.str1.4
                0x10007cd4       0x22 CMakeFiles/MorseCodeDecoder.dir/C_/VSARM/sdk/pico/pico-sdk/src/rp2_common/hardware_timer/timer.c.obj
 *fill*         0x10007cf6        0x2 
 .rodata.hardware_alarm_set_target.str1.4
                0x10007cf8       0x65 CMakeFiles/MorseCodeDecoder.dir/C_/VSARM/sdk/pico/pico-sdk/src/rp2_common/hardware_timer/timer.c.obj
 *fill*         0x10007d5d        0x3 
 .rodata.__func__.0
                0x10007d60       0x1a CMakeFiles/MorseCodeDecoder.dir/C_/VSARM/sdk/pico/pico-sdk/src/rp2_common/hardware_timer/timer.c.obj
 .rodata.ph_add_child_node.str1.4
                0x10007d7a       0x96 CMakeFiles/MorseCodeDecoder.dir/C_/VSARM/sdk/pico/pico-sdk/src/common/pico_util/pheap.c.obj
 *fill*         0x10007d7a        0x2 
 .rodata.ph_remove_any_head.str1.4
                0x10007d7c       0x8c CMakeFiles/MorseCodeDecoder.dir/C_/VSARM/sdk/pico/pico-sdk/src/common/pico_util/pheap.c.obj
                                 0xa0 (size before relaxing)
 .rodata.ph_remove_and_free_node.str1.4
                0x10007e08       0x1e CMakeFiles/MorseCodeDecoder.dir/C_/VSARM/sdk/pico/pico-sdk/src/common/pico_util/pheap.c.obj
                                 0x26 (size before relaxing)
 *fill*         0x10007e26        0x2 
 .rodata.__func__.0
                0x10007e28       0x18 CMakeFiles/MorseCodeDecoder.dir/C_/VSARM/sdk/pico/pico-sdk/src/common/pico_util/pheap.c.obj
 .rodata.__func__.1
                0x10007e40       0x13 CMakeFiles/MorseCodeDecoder.dir/C_/VSARM/sdk/pico/pico-sdk/src/common/pico_util/pheap.c.obj
 *fill*         0x10007e53        0x1 
 .rodata.__func__.2
                0x10007e54       0x12 CMakeFiles/MorseCodeDecoder.dir/C_/VSARM/sdk/pico/pico-sdk/src/common/pico_util/pheap.c.obj
 *fill*         0x10007e66        0x2 
 .rodata.__func__.3
                0x10007e68        0xc CMakeFiles/MorseCodeDecoder.dir/C_/VSARM/sdk/pico/pico-sdk/src/common/pico_util/pheap.c.obj
 .rodata.clock_configure.str1.4
                0x10007e74       0x57 CMakeFiles/MorseCodeDecoder.dir/C_/VSARM/sdk/pico/pico-sdk/src/rp2_common/hardware_clocks/clocks.c.obj
 *fill*         0x10007ecb        0x1 
 .rodata.__func__.1
                0x10007ecc       0x10 CMakeFiles/MorseCodeDecoder.dir/C_/VSARM/sdk/pico/pico-sdk/src/rp2_common/hardware_clocks/clocks.c.obj
 .rodata.pll_init.str1.4
                0x10007edc      0x124 CMakeFiles/MorseCodeDecoder.dir/C_/VSARM/sdk/pico/pico-sdk/src/rp2_common/hardware_pll/pll.c.obj
 .rodata.__func__.0
                0x10008000        0x9 CMakeFiles/MorseCodeDecoder.dir/C_/VSARM/sdk/pico/pico-sdk/src/rp2_common/hardware_pll/pll.c.obj
 *fill*         0x10008009        0x3 
 .rodata.__assert_func.str1.4
                0x1000800c       0x3f CMakeFiles/MorseCodeDecoder.dir/C_/VSARM/sdk/pico/pico-sdk/src/rp2_common/pico_runtime/runtime.c.obj
                                 0x43 (size before relaxing)
 *fill*         0x1000804b        0x1 
 .rodata.runtime_init.str1.4
                0x1000804c       0x61 CMakeFiles/MorseCodeDecoder.dir/C_/VSARM/sdk/pico/pico-sdk/src/rp2_common/pico_runtime/runtime.c.obj
 *fill*         0x100080ad        0x3 
 .rodata.panic.str1.4
                0x100080b0       0x12 CMakeFiles/MorseCodeDecoder.dir/C_/VSARM/sdk/pico/pico-sdk/src/rp2_common/pico_runtime/runtime.c.obj
 *fill*         0x100080c2        0x2 
 .rodata.__func__.2
                0x100080c4        0xd CMakeFiles/MorseCodeDecoder.dir/C_/VSARM/sdk/pico/pico-sdk/src/rp2_common/pico_runtime/runtime.c.obj
 *fill*         0x100080d1        0x3 
 .rodata._ftoa.str1.4
                0x100080d4       0x15 CMakeFiles/MorseCodeDecoder.dir/C_/VSARM/sdk/pico/pico-sdk/src/rp2_common/pico_printf/printf.c.obj
 *fill*         0x100080e9        0x3 
 .rodata._vsnprintf
                0x100080ec      0x1e0 CMakeFiles/MorseCodeDecoder.dir/C_/VSARM/sdk/pico/pico-sdk/src/rp2_common/pico_printf/printf.c.obj
 *fill*         0x100082cc        0x4 
 .rodata.pow10.0
                0x100082d0       0x50 CMakeFiles/MorseCodeDecoder.dir/C_/VSARM/sdk/pico/pico-sdk/src/rp2_common/pico_printf/printf.c.obj
 .rodata.__aeabi_double_init.str1.4
                0x10008320       0x9c CMakeFiles/MorseCodeDecoder.dir/C_/VSARM/sdk/pico/pico-sdk/src/rp2_common/pico_double/double_init_rom.c.obj
 .rodata.__func__.0
                0x100083bc       0x14 CMakeFiles/MorseCodeDecoder.dir/C_/VSARM/sdk/pico/pico-sdk/src/rp2_common/pico_double/double_init_rom.c.obj
 .rodata.__aeabi_float_init.str1.4
                0x100083d0       0x7a CMakeFiles/MorseCodeDecoder.dir/C_/VSARM/sdk/pico/pico-sdk/src/rp2_common/pico_float/float_init_rom.c.obj
                                 0x7e (size before relaxing)
 *fill*         0x1000844a        0x2 
 .rodata.__func__.0
                0x1000844c       0x13 CMakeFiles/MorseCodeDecoder.dir/C_/VSARM/sdk/pico/pico-sdk/src/rp2_common/pico_float/float_init_rom.c.obj
 *fill*         0x1000845f        0x1 
 .rodata.str1.4
                0x10008460       0x48 CMakeFiles/MorseCodeDecoder.dir/C_/VSARM/sdk/pico/pico-sdk/src/rp2_common/pico_standard_link/binary_info.c.obj
 .rodata.__bi_44
                0x100084a8        0xc CMakeFiles/MorseCodeDecoder.dir/C_/VSARM/sdk/pico/pico-sdk/src/rp2_common/pico_standard_link/binary_info.c.obj
 .rodata.__bi_75
                0x100084b4        0xc CMakeFiles/MorseCodeDecoder.dir/C_/VSARM/sdk/pico/pico-sdk/src/rp2_common/pico_standard_link/binary_info.c.obj
 .rodata.__bi_81
                0x100084c0        0xc CMakeFiles/MorseCodeDecoder.dir/C_/VSARM/sdk/pico/pico-sdk/src/rp2_common/pico_standard_link/binary_info.c.obj
 .rodata.stdout_serialize_begin.str1.4
                0x100084cc       0x61 CMakeFiles/MorseCodeDecoder.dir/C_/VSARM/sdk/pico/pico-sdk/src/rp2_common/pico_stdio/stdio.c.obj
 .rodata.__func__.3
                0x100084cc       0x15 CMakeFiles/MorseCodeDecoder.dir/C_/VSARM/sdk/pico/pico-sdk/src/rp2_common/pico_stdio/stdio.c.obj
 *fill*         0x100084e1        0x3 
 .rodata.crlf_str.2
                0x100084e4        0x2 CMakeFiles/MorseCodeDecoder.dir/C_/VSARM/sdk/pico/pico-sdk/src/rp2_common/pico_stdio/stdio.c.obj
 *fill*         0x100084e6        0x2 
 .rodata._resetd_driver
                0x100084e8       0x18 CMakeFiles/MorseCodeDecoder.dir/C_/VSARM/sdk/pico/pico-sdk/src/rp2_common/pico_stdio_usb/reset_interface.c.obj
 .rodata.low_priority_worker_irq.str1.4
                0x10008500       0x61 CMakeFiles/MorseCodeDecoder.dir/C_/VSARM/sdk/pico/pico-sdk/src/rp2_common/pico_stdio_usb/stdio_usb.c.obj
 .rodata.stdio_usb_init.str1.4
                0x10008500       0x45 CMakeFiles/MorseCodeDecoder.dir/C_/VSARM/sdk/pico/pico-sdk/src/rp2_common/pico_stdio_usb/stdio_usb.c.obj
                                 0x4d (size before relaxing)
 *fill*         0x10008545        0x3 
 .rodata.str1.4
                0x10008548       0x13 CMakeFiles/MorseCodeDecoder.dir/C_/VSARM/sdk/pico/pico-sdk/src/rp2_common/pico_stdio_usb/stdio_usb.c.obj
 *fill*         0x1000855b        0x1 
 .rodata.__bi_182.0
                0x1000855c        0xc CMakeFiles/MorseCodeDecoder.dir/C_/VSARM/sdk/pico/pico-sdk/src/rp2_common/pico_stdio_usb/stdio_usb.c.obj
 .rodata.__func__.1
                0x10008568        0xf CMakeFiles/MorseCodeDecoder.dir/C_/VSARM/sdk/pico/pico-sdk/src/rp2_common/pico_stdio_usb/stdio_usb.c.obj
 *fill*         0x10008577        0x1 
 .rodata.__func__.3
                0x10008578       0x15 CMakeFiles/MorseCodeDecoder.dir/C_/VSARM/sdk/pico/pico-sdk/src/rp2_common/pico_stdio_usb/stdio_usb.c.obj
 *fill*         0x1000858d        0x3 
 .rodata.str1.4
                0x10008590       0x2a CMakeFiles/MorseCodeDecoder.dir/C_/VSARM/sdk/pico/pico-sdk/src/rp2_common/pico_stdio_usb/stdio_usb_descriptors.c.obj
 *fill*         0x100085ba        0x2 
 .rodata.usbd_desc_cfg
                0x100085bc       0x54 CMakeFiles/MorseCodeDecoder.dir/C_/VSARM/sdk/pico/pico-sdk/src/rp2_common/pico_stdio_usb/stdio_usb_descriptors.c.obj
 .rodata.usbd_desc_device
                0x10008610       0x12 CMakeFiles/MorseCodeDecoder.dir/C_/VSARM/sdk/pico/pico-sdk/src/rp2_common/pico_stdio_usb/stdio_usb_descriptors.c.obj
 *fill*         0x10008622        0x2 
 .rodata.usbd_desc_str
                0x10008624       0x18 CMakeFiles/MorseCodeDecoder.dir/C_/VSARM/sdk/pico/pico-sdk/src/rp2_common/pico_stdio_usb/stdio_usb_descriptors.c.obj
 .rodata.pico_get_unique_board_id_string.str1.4
                0x1000863c       0x4d CMakeFiles/MorseCodeDecoder.dir/C_/VSARM/sdk/pico/pico-sdk/src/rp2_common/pico_unique_id/unique_id.c.obj
 *fill*         0x10008689        0x3 
 .rodata.__func__.0
                0x1000868c       0x20 CMakeFiles/MorseCodeDecoder.dir/C_/VSARM/sdk/pico/pico-sdk/src/rp2_common/pico_unique_id/unique_id.c.obj
 .rodata.str1.4
                0x100086ac      0x15a CMakeFiles/MorseCodeDecoder.dir/C_/VSARM/sdk/pico/pico-sdk/src/rp2_common/hardware_flash/flash.c.obj
 *fill*         0x10008806        0x2 
 .rodata.__func__.0
                0x10008808        0xd CMakeFiles/MorseCodeDecoder.dir/C_/VSARM/sdk/pico/pico-sdk/src/rp2_common/hardware_flash/flash.c.obj
 *fill*         0x10008815        0x3 
 .rodata._hw_endpoint_alloc.str1.4
                0x10008818       0xb5 CMakeFiles/MorseCodeDecoder.dir/C_/VSARM/sdk/pico/pico-sdk/lib/tinyusb/src/portable/raspberrypi/rp2040/dcd_rp2040.c.obj
 *fill*         0x100088cd        0x3 
 .rodata.str1.4
                0x100088d0       0x14 CMakeFiles/MorseCodeDecoder.dir/C_/VSARM/sdk/pico/pico-sdk/lib/tinyusb/src/portable/raspberrypi/rp2040/dcd_rp2040.c.obj
 .rodata.dcd_int_enable.str1.4
                0x100088e4        0xc CMakeFiles/MorseCodeDecoder.dir/C_/VSARM/sdk/pico/pico-sdk/lib/tinyusb/src/portable/raspberrypi/rp2040/dcd_rp2040.c.obj
 .rodata.__func__.0
                0x100088f0        0xe CMakeFiles/MorseCodeDecoder.dir/C_/VSARM/sdk/pico/pico-sdk/lib/tinyusb/src/portable/raspberrypi/rp2040/dcd_rp2040.c.obj
 *fill*         0x100088fe        0x2 
 .rodata.__func__.1
                0x10008900        0xe CMakeFiles/MorseCodeDecoder.dir/C_/VSARM/sdk/pico/pico-sdk/lib/tinyusb/src/portable/raspberrypi/rp2040/dcd_rp2040.c.obj
 *fill*         0x1000890e        0x2 
 .rodata.__func__.3
                0x10008910       0x10 CMakeFiles/MorseCodeDecoder.dir/C_/VSARM/sdk/pico/pico-sdk/lib/tinyusb/src/portable/raspberrypi/rp2040/dcd_rp2040.c.obj
 .rodata.__func__.5
                0x10008920        0xf CMakeFiles/MorseCodeDecoder.dir/C_/VSARM/sdk/pico/pico-sdk/lib/tinyusb/src/portable/raspberrypi/rp2040/dcd_rp2040.c.obj
 *fill*         0x1000892f        0x1 
 .rodata.__func__.6
                0x10008930       0x13 CMakeFiles/MorseCodeDecoder.dir/C_/VSARM/sdk/pico/pico-sdk/lib/tinyusb/src/portable/raspberrypi/rp2040/dcd_rp2040.c.obj
 *fill*         0x10008943        0x1 
 .rodata.__func__.7
                0x10008944        0x9 CMakeFiles/MorseCodeDecoder.dir/C_/VSARM/sdk/pico/pico-sdk/lib/tinyusb/src/portable/raspberrypi/rp2040/dcd_rp2040.c.obj
 *fill*         0x1000894d        0x3 
 .rodata.str1.4
                0x10008950       0xe7 CMakeFiles/MorseCodeDecoder.dir/C_/VSARM/sdk/pico/pico-sdk/lib/tinyusb/src/portable/raspberrypi/rp2040/rp2040_usb.c.obj
 *fill*         0x10008a37        0x1 
 .rodata.__func__.0
                0x10008a38        0xf CMakeFiles/MorseCodeDecoder.dir/C_/VSARM/sdk/pico/pico-sdk/lib/tinyusb/src/portable/raspberrypi/rp2040/rp2040_usb.c.obj
 *fill*         0x10008a47        0x1 
 .rodata.process_get_descriptor
                0x10008a48       0x40 CMakeFiles/MorseCodeDecoder.dir/C_/VSARM/sdk/pico/pico-sdk/lib/tinyusb/src/device/usbd.c.obj
 .rodata.process_control_request
                0x10008a88       0x28 CMakeFiles/MorseCodeDecoder.dir/C_/VSARM/sdk/pico/pico-sdk/lib/tinyusb/src/device/usbd.c.obj
 .rodata.tud_task_ext
                0x10008ab0       0x24 CMakeFiles/MorseCodeDecoder.dir/C_/VSARM/sdk/pico/pico-sdk/lib/tinyusb/src/device/usbd.c.obj
 .rodata._usbd_driver
                0x10008ad4       0x18 CMakeFiles/MorseCodeDecoder.dir/C_/VSARM/sdk/pico/pico-sdk/lib/tinyusb/src/device/usbd.c.obj
                0x10008aec                . = ALIGN (0x4)
 *(SORT_BY_ALIGNMENT(SORT_BY_NAME(.flashdata*)))
                0x10008aec                . = ALIGN (0x4)

.ARM.extab
 *(.ARM.extab* .gnu.linkonce.armextab.*)
                0x10008aec                __exidx_start = .

.ARM.exidx
 *(.ARM.exidx* .gnu.linkonce.armexidx.*)
                0x10008aec                __exidx_end = .
                0x10008aec                . = ALIGN (0x4)
                0x10008aec                __binary_info_start = .

.binary_info    0x10008aec       0x20
 *(.binary_info.keep.*)
 .binary_info.keep.__bi_ptr22
                0x10008aec        0x4 CMakeFiles/MorseCodeDecoder.dir/C_/VSARM/sdk/pico/pico-sdk/src/rp2_common/pico_standard_link/binary_info.c.obj
 .binary_info.keep.__bi_ptr30
                0x10008af0        0x4 CMakeFiles/MorseCodeDecoder.dir/C_/VSARM/sdk/pico/pico-sdk/src/rp2_common/pico_standard_link/binary_info.c.obj
 .binary_info.keep.__bi_ptr38
                0x10008af4        0x4 CMakeFiles/MorseCodeDecoder.dir/C_/VSARM/sdk/pico/pico-sdk/src/rp2_common/pico_standard_link/binary_info.c.obj
 .binary_info.keep.__bi_ptr44
                0x10008af8        0x4 CMakeFiles/MorseCodeDecoder.dir/C_/VSARM/sdk/pico/pico-sdk/src/rp2_common/pico_standard_link/binary_info.c.obj
 .binary_info.keep.__bi_ptr50
                0x10008afc        0x4 CMakeFiles/MorseCodeDecoder.dir/C_/VSARM/sdk/pico/pico-sdk/src/rp2_common/pico_standard_link/binary_info.c.obj
 .binary_info.keep.__bi_ptr75
                0x10008b00        0x4 CMakeFiles/MorseCodeDecoder.dir/C_/VSARM/sdk/pico/pico-sdk/src/rp2_common/pico_standard_link/binary_info.c.obj
 .binary_info.keep.__bi_ptr81
                0x10008b04        0x4 CMakeFiles/MorseCodeDecoder.dir/C_/VSARM/sdk/pico/pico-sdk/src/rp2_common/pico_standard_link/binary_info.c.obj
 *(.binary_info.*)
 .binary_info.__bi_ptr182
                0x10008b08        0x4 CMakeFiles/MorseCodeDecoder.dir/C_/VSARM/sdk/pico/pico-sdk/src/rp2_common/pico_stdio_usb/stdio_usb.c.obj
                0x10008b0c                __binary_info_end = .

.rel.dyn        0x10008b0c        0x0
 .rel.iplt      0x10008b0c        0x0 c:/vsarm/armcc/102021~1.10/bin/../lib/gcc/arm-none-eabi/10.3.1/thumb/v6-m/nofp/crtbegin.o
                0x10008b0c                . = ALIGN (0x4)

.ram_vector_table
                0x20000000       0xc0
 *(.ram_vector_table)
 .ram_vector_table
                0x20000000       0xc0 CMakeFiles/MorseCodeDecoder.dir/C_/VSARM/sdk/pico/pico-sdk/src/rp2_common/pico_runtime/runtime.c.obj
                0x20000000                ram_vector_table

.data           0x200000c0      0xc10 load address 0x10008b0c
                0x200000c0                __data_start__ = .
 *(vtable)
 *(.time_critical*)
 .time_critical.mutex_try_enter
                0x200000c0       0x46 CMakeFiles/MorseCodeDecoder.dir/C_/VSARM/sdk/pico/pico-sdk/src/common/pico_sync/mutex.c.obj
                0x200000c0                mutex_try_enter
 *fill*         0x20000106        0x2 
 .time_critical.mutex_enter_block_until
                0x20000108       0x8c CMakeFiles/MorseCodeDecoder.dir/C_/VSARM/sdk/pico/pico-sdk/src/common/pico_sync/mutex.c.obj
                0x20000108                mutex_enter_block_until
 .time_critical.mutex_try_enter_block_until
                0x20000194       0x34 CMakeFiles/MorseCodeDecoder.dir/C_/VSARM/sdk/pico/pico-sdk/src/common/pico_sync/mutex.c.obj
                0x20000194                mutex_try_enter_block_until
 .time_critical.mutex_enter_timeout_ms
                0x200001c8       0x68 CMakeFiles/MorseCodeDecoder.dir/C_/VSARM/sdk/pico/pico-sdk/src/common/pico_sync/mutex.c.obj
                0x200001c8                mutex_enter_timeout_ms
 .time_critical.mutex_exit
                0x20000230       0x4c CMakeFiles/MorseCodeDecoder.dir/C_/VSARM/sdk/pico/pico-sdk/src/common/pico_sync/mutex.c.obj
                0x20000230                mutex_exit
 .time_critical.flash_init_boot2_copyout
                0x2000027c       0x30 CMakeFiles/MorseCodeDecoder.dir/C_/VSARM/sdk/pico/pico-sdk/src/rp2_common/hardware_flash/flash.c.obj
 .time_critical.flash_enable_xip_via_boot2
                0x200002ac       0x10 CMakeFiles/MorseCodeDecoder.dir/C_/VSARM/sdk/pico/pico-sdk/src/rp2_common/hardware_flash/flash.c.obj
 .time_critical.flash_cs_force
                0x200002bc       0x28 CMakeFiles/MorseCodeDecoder.dir/C_/VSARM/sdk/pico/pico-sdk/src/rp2_common/hardware_flash/flash.c.obj
 .time_critical.flash_do_cmd
                0x200002e4       0xd8 CMakeFiles/MorseCodeDecoder.dir/C_/VSARM/sdk/pico/pico-sdk/src/rp2_common/hardware_flash/flash.c.obj
                0x200002e4                flash_do_cmd
 .time_critical.reset_non_control_endpoints
                0x200003bc       0x40 CMakeFiles/MorseCodeDecoder.dir/C_/VSARM/sdk/pico/pico-sdk/lib/tinyusb/src/portable/raspberrypi/rp2040/dcd_rp2040.c.obj
 .time_critical.hw_handle_buff_status
                0x200003fc       0xa4 CMakeFiles/MorseCodeDecoder.dir/C_/VSARM/sdk/pico/pico-sdk/lib/tinyusb/src/portable/raspberrypi/rp2040/dcd_rp2040.c.obj
 .time_critical.dcd_rp2040_irq
                0x200004a0      0x1cc CMakeFiles/MorseCodeDecoder.dir/C_/VSARM/sdk/pico/pico-sdk/lib/tinyusb/src/portable/raspberrypi/rp2040/dcd_rp2040.c.obj
 .time_critical.e15_is_bulkin_ep
                0x2000066c       0x2c CMakeFiles/MorseCodeDecoder.dir/C_/VSARM/sdk/pico/pico-sdk/lib/tinyusb/src/portable/raspberrypi/rp2040/rp2040_usb.c.obj
 .time_critical.e15_is_critical_frame_period
                0x20000698       0x30 CMakeFiles/MorseCodeDecoder.dir/C_/VSARM/sdk/pico/pico-sdk/lib/tinyusb/src/portable/raspberrypi/rp2040/rp2040_usb.c.obj
 .time_critical.prepare_ep_buffer
                0x200006c8       0x70 CMakeFiles/MorseCodeDecoder.dir/C_/VSARM/sdk/pico/pico-sdk/lib/tinyusb/src/portable/raspberrypi/rp2040/rp2040_usb.c.obj
 .time_critical.sync_ep_buffer
                0x20000738       0x80 CMakeFiles/MorseCodeDecoder.dir/C_/VSARM/sdk/pico/pico-sdk/lib/tinyusb/src/portable/raspberrypi/rp2040/rp2040_usb.c.obj
 .time_critical._hw_endpoint_xfer_sync
                0x200007b8       0x28 CMakeFiles/MorseCodeDecoder.dir/C_/VSARM/sdk/pico/pico-sdk/lib/tinyusb/src/portable/raspberrypi/rp2040/rp2040_usb.c.obj
 .time_critical.hw_endpoint_reset_transfer
                0x200007e0        0xc CMakeFiles/MorseCodeDecoder.dir/C_/VSARM/sdk/pico/pico-sdk/lib/tinyusb/src/portable/raspberrypi/rp2040/rp2040_usb.c.obj
                0x200007e0                hw_endpoint_reset_transfer
 .time_critical._hw_endpoint_buffer_control_update32
                0x200007ec       0x58 CMakeFiles/MorseCodeDecoder.dir/C_/VSARM/sdk/pico/pico-sdk/lib/tinyusb/src/portable/raspberrypi/rp2040/rp2040_usb.c.obj
                0x200007ec                _hw_endpoint_buffer_control_update32
 .time_critical.hw_endpoint_start_next_buffer
                0x20000844       0x88 CMakeFiles/MorseCodeDecoder.dir/C_/VSARM/sdk/pico/pico-sdk/lib/tinyusb/src/portable/raspberrypi/rp2040/rp2040_usb.c.obj
                0x20000844                hw_endpoint_start_next_buffer
 .time_critical.hw_endpoint_xfer_continue
                0x200008cc       0x50 CMakeFiles/MorseCodeDecoder.dir/C_/VSARM/sdk/pico/pico-sdk/lib/tinyusb/src/portable/raspberrypi/rp2040/rp2040_usb.c.obj
                0x200008cc                hw_endpoint_xfer_continue
 .time_critical.tinyusb
                0x2000091c      0x200 CMakeFiles/MorseCodeDecoder.dir/C_/VSARM/sdk/pico/pico-sdk/lib/tinyusb/src/device/usbd.c.obj
                0x2000091c                dcd_event_handler
 *(.text*)
 .text          0x20000b1c        0x4 c:/vsarm/armcc/102021~1.10/bin/../lib/gcc/arm-none-eabi/10.3.1/thumb/v6-m/nofp\libgcc.a(_dvmd_tls.o)
                0x20000b1c                __aeabi_idiv0
                0x20000b1c                __aeabi_ldiv0
 .text.__stub   0x20000b20       0x90 linker stubs
                0x20000bb0                . = ALIGN (0x4)
 *(.rodata*)
                0x20000bb0                . = ALIGN (0x4)
 *(.data*)
 .data.values   0x20000bb0       0x24 CMakeFiles/MorseCodeDecoder.dir/main.c.obj
                0x20000bb0                values
 .data.striped_spin_lock_num
                0x20000bd4        0x1 CMakeFiles/MorseCodeDecoder.dir/C_/VSARM/sdk/pico/pico-sdk/src/rp2_common/hardware_sync/sync.c.obj
 *fill*         0x20000bd5        0x3 
 .data          0x20000bd8       0x48 CMakeFiles/MorseCodeDecoder.dir/C_/VSARM/sdk/pico/pico-sdk/src/rp2_common/hardware_irq/irq_handler_chain.S.obj
                0x20000bd8                irq_handler_chain_slots
                0x20000c08                irq_handler_chain_first_slot
                0x20000c12                irq_handler_chain_remove_tail
 .data.default_alarm_pool
                0x20000c20       0x18 CMakeFiles/MorseCodeDecoder.dir/C_/VSARM/sdk/pico/pico-sdk/src/common/pico_time/time.c.obj
 .data.default_alarm_pool_heap
                0x20000c38       0x10 CMakeFiles/MorseCodeDecoder.dir/C_/VSARM/sdk/pico/pico-sdk/src/common/pico_time/time.c.obj
 *fill*         0x20000c48        0x8 
 .data.aeabi_bits_funcs
                0x20000c50       0x10 CMakeFiles/MorseCodeDecoder.dir/C_/VSARM/sdk/pico/pico-sdk/src/rp2_common/pico_bit_ops/bit_ops_aeabi.S.obj
                0x20000c50                aeabi_bits_funcs
                0x20000c60                aeabi_bits_funcs_end
 .data.aeabi_mem_funcs
                0x20000c60       0x10 CMakeFiles/MorseCodeDecoder.dir/C_/VSARM/sdk/pico/pico-sdk/src/rp2_common/pico_mem_ops/mem_ops_aeabi.S.obj
                0x20000c60                aeabi_mem_funcs
                0x20000c70                aeabi_mem_funcs_end
 .data.stdio_usb
                0x20000c70       0x18 CMakeFiles/MorseCodeDecoder.dir/C_/VSARM/sdk/pico/pico-sdk/src/rp2_common/pico_stdio_usb/stdio_usb.c.obj
                0x20000c70                stdio_usb
 .data.ep_dir_string
                0x20000c88        0x8 CMakeFiles/MorseCodeDecoder.dir/C_/VSARM/sdk/pico/pico-sdk/lib/tinyusb/src/portable/raspberrypi/rp2040/rp2040_usb.c.obj
                0x20000c88                ep_dir_string
 .data._usbd_qdef
                0x20000c90       0x1c CMakeFiles/MorseCodeDecoder.dir/C_/VSARM/sdk/pico/pico-sdk/lib/tinyusb/src/device/usbd.c.obj
                0x20000c90                _usbd_qdef
 .data._usbd_rhport
                0x20000cac        0x1 CMakeFiles/MorseCodeDecoder.dir/C_/VSARM/sdk/pico/pico-sdk/lib/tinyusb/src/device/usbd.c.obj
                0x20000cb0                . = ALIGN (0x4)
 *fill*         0x20000cad        0x3 
 *(.after_data.*)
                0x20000cb0                . = ALIGN (0x4)
                0x20000cb0                PROVIDE (__mutex_array_start = .)
 *(SORT_BY_NAME(.mutex_array.*))
 *(.mutex_array)
 .mutex_array   0x20000cb0        0x8 CMakeFiles/MorseCodeDecoder.dir/C_/VSARM/sdk/pico/pico-sdk/src/rp2_common/pico_stdio/stdio.c.obj
                0x20000cb8                PROVIDE (__mutex_array_end = .)
                0x20000cb8                . = ALIGN (0x4)
                0x20000cb8                PROVIDE (__preinit_array_start = .)
 *(SORT_BY_NAME(.preinit_array.*))
 .preinit_array.00001
                0x20000cb8        0x4 CMakeFiles/MorseCodeDecoder.dir/C_/VSARM/sdk/pico/pico-sdk/src/rp2_common/pico_mem_ops/mem_ops_aeabi.S.obj
 .preinit_array.00010
                0x20000cbc        0x4 CMakeFiles/MorseCodeDecoder.dir/C_/VSARM/sdk/pico/pico-sdk/src/rp2_common/pico_bit_ops/bit_ops_aeabi.S.obj
 .preinit_array.00020
                0x20000cc0        0x4 CMakeFiles/MorseCodeDecoder.dir/C_/VSARM/sdk/pico/pico-sdk/src/rp2_common/pico_double/double_aeabi.S.obj
 .preinit_array.00020
                0x20000cc4        0x4 CMakeFiles/MorseCodeDecoder.dir/C_/VSARM/sdk/pico/pico-sdk/src/rp2_common/pico_float/float_aeabi.S.obj
 *(.preinit_array)
                0x20000cc8                PROVIDE (__preinit_array_end = .)
                0x20000cc8                . = ALIGN (0x4)
                0x20000cc8                PROVIDE (__init_array_start = .)
 *(SORT_BY_NAME(.init_array.*))
 *(.init_array)
 .init_array    0x20000cc8        0x4 c:/vsarm/armcc/102021~1.10/bin/../lib/gcc/arm-none-eabi/10.3.1/thumb/v6-m/nofp/crtbegin.o
 .init_array    0x20000ccc        0x4 CMakeFiles/MorseCodeDecoder.dir/C_/VSARM/sdk/pico/pico-sdk/src/rp2_common/pico_unique_id/unique_id.c.obj
                0x20000cd0                PROVIDE (__init_array_end = .)
                0x20000cd0                . = ALIGN (0x4)
                [!provide]                PROVIDE (__fini_array_start = .)
 *(SORT_BY_NAME(.fini_array.*))
 *(.fini_array)
                [!provide]                PROVIDE (__fini_array_end = .)
 *(.jcr)
                0x20000cd0                . = ALIGN (0x4)
                0x20000cd0                __data_end__ = .
                0x10008b0c                __etext = LOADADDR (.data)

.igot.plt       0x20000cd0        0x0 load address 0x1000971c
 .igot.plt      0x20000cd0        0x0 c:/vsarm/armcc/102021~1.10/bin/../lib/gcc/arm-none-eabi/10.3.1/thumb/v6-m/nofp/crtbegin.o

.uninitialized_data
                0x20000cd0        0x0 load address 0x1000971c
                0x20000cd0                . = ALIGN (0x4)
 *(.uninitialized_data*)

.scratch_x      0x20040000        0x0 load address 0x1000971c
                0x20040000                __scratch_x_start__ = .
 *(.scratch_x.*)
                0x20040000                . = ALIGN (0x4)
                0x20040000                __scratch_x_end__ = .
                0x1000971c                __scratch_x_source__ = LOADADDR (.scratch_x)

.scratch_y      0x20041000        0x0 load address 0x1000971c
                0x20041000                __scratch_y_start__ = .
 *(.scratch_y.*)
                0x20041000                . = ALIGN (0x4)
                0x20041000                __scratch_y_end__ = .
                0x1000971c                __scratch_y_source__ = LOADADDR (.scratch_y)

.bss            0x20000cd0      0xda8
                0x20000cd0                . = ALIGN (0x4)